 basisSL_sfun

 Timestamp is 55b5a0c8 (Sun Jul 26 23:08:56 2015)

 Preferred load address is 0000000180000000

 Start         Length     Name                   Class
 0001:00000000 0000c5e2H .text$mn                CODE
 0001:0000c5f0 0000007bH .text$x                 CODE
 0002:00000000 00000410H .idata$5                DATA
 0002:00000410 00000008H .CRT$XCA                DATA
 0002:00000418 00000008H .CRT$XCZ                DATA
 0002:00000420 00000008H .CRT$XIA                DATA
 0002:00000428 00000008H .CRT$XIAA               DATA
 0002:00000430 00000008H .CRT$XIC                DATA
 0002:00000438 00000008H .CRT$XIZ                DATA
 0002:00000440 000006e0H .rdata                  DATA
 0002:00000b20 00000008H .rtc$IAA                DATA
 0002:00000b28 00000008H .rtc$IZZ                DATA
 0002:00000b30 00000008H .rtc$TAA                DATA
 0002:00000b38 00000008H .rtc$TZZ                DATA
 0002:00000b40 00000754H .xdata                  DATA
 0002:000012a0 00000052H .edata                  DATA
 0002:000012f4 00000078H .idata$2                DATA
 0002:0000136c 00000014H .idata$3                DATA
 0002:00001380 00000410H .idata$4                DATA
 0002:00001790 00000b6aH .idata$6                DATA
 0003:00000000 00001788H .data                   DATA
 0003:00001790 000006b8H .bss                    DATA
 0004:00000000 000008c4H .pdata                  DATA

  Address         Publics by Value              Rva+Base               Lib:Object

 0000:00000000       __guard_fids_table         0000000000000000     <absolute>
 0000:00000000       ___safe_se_handler_count   0000000000000000     <absolute>
 0000:00000000       __guard_flags              0000000000000000     <absolute>
 0000:00000000       __guard_fids_count         0000000000000000     <absolute>
 0000:00000000       ___safe_se_handler_table   0000000000000000     <absolute>
 0000:00000000       __ImageBase                0000000180000000     <linker-defined>
 0001:00000000       basisSL_initializer        0000000180001000 f   basisSL_sfun.obj
 0001:00000010       basisSL_terminator         0000000180001010 f   basisSL_sfun.obj
 0001:00000020       load_basisSL_optimization_info 0000000180001020 f   basisSL_sfun.obj
 0001:00000070       unload_basisSL_optimization_info 0000000180001070 f   basisSL_sfun.obj
 0001:000000a0       sf_basisSL_method_dispatcher 00000001800010a0 f   basisSL_sfun.obj
 0001:000000f0       sf_basisSL_uses_exported_functions 00000001800010f0 f   basisSL_sfun.obj
 0001:00000130       sf_basisSL_process_check_sum_call 0000000180001130 f   basisSL_sfun.obj
 0001:000006e0       sf_basisSL_autoinheritance_info 00000001800016e0 f   basisSL_sfun.obj
 0001:000008c0       sf_basisSL_get_eml_resolved_functions_info 00000001800018c0 f   basisSL_sfun.obj
 0001:00000a40       sf_basisSL_third_party_uses_info 0000000180001a40 f   basisSL_sfun.obj
 0001:00000c10       sf_basisSL_jit_fallback_info 0000000180001c10 f   basisSL_sfun.obj
 0001:00000de0       sf_basisSL_updateBuildInfo_args_info 0000000180001de0 f   basisSL_sfun.obj
 0001:00000fb0       sf_basisSL_get_post_codegen_info 0000000180001fb0 f   basisSL_sfun.obj
 0001:000010d0       basisSL_debug_initialize   00000001800020d0 f   basisSL_sfun.obj
 0001:00001150       basisSL_register_exported_symbols 0000000180002150 f   basisSL_sfun.obj
 0001:00001160       sf_c2_basisSL_get_eml_resolved_functions_info 0000000180002160 f   c2_basisSL.obj
 0001:000011e0       sf_c2_basisSL_get_check_sum 00000001800021e0 f   c2_basisSL.obj
 0001:000012b0       c2_basisSL_method_dispatcher 00000001800022b0 f   c2_basisSL.obj
 0001:00002a00       sf_c2_basisSL_get_post_codegen_info 0000000180003a00 f   c2_basisSL.obj
 0001:00002ad0       sf_c2_basisSL_get_autoinheritance_info 0000000180003ad0 f   c2_basisSL.obj
 0001:00003110       sf_c2_basisSL_third_party_uses_info 0000000180004110 f   c2_basisSL.obj
 0001:00003140       sf_c2_basisSL_jit_fallback_info 0000000180004140 f   c2_basisSL.obj
 0001:000032d0       sf_c2_basisSL_updateBuildInfo_args_info 00000001800042d0 f   c2_basisSL.obj
 0001:00003ee0       mexFunction                0000000180004ee0 f   basisSL_sfun_registry.obj
 0001:000052b0       _ssSetInputPortDirectFeedThroughFcn 00000001800062b0 f   basisSL_sfun_registry.obj
 0001:00005410       _ssGetInputPortSignalPtrsFcn 0000000180006410 f   basisSL_sfun_registry.obj
 0001:00005630       _ssGetInputPortSignalFcn   0000000180006630 f   basisSL_sfun_registry.obj
 0001:00005850       _ssSetInputPortReusableFcn 0000000180006850 f   basisSL_sfun_registry.obj
 0001:00005930       _ssSetOutputPortReusableFcn 0000000180006930 f   basisSL_sfun_registry.obj
 0001:00005a10       _ssSetSymbolicDimsSupport  0000000180006a10 f   basisSL_sfun_registry.obj
 0001:00005a80       _ssRegisterSymbolicDimsExpr 0000000180006a80 f   basisSL_sfun_registry.obj
 0001:00005b00       _ssRegisterSymbolicDims    0000000180006b00 f   basisSL_sfun_registry.obj
 0001:00005ba0       _ssRegisterSymbolicDimsString 0000000180006ba0 f   basisSL_sfun_registry.obj
 0001:00005c20       _ssRegisterSymbolicDimsIntValue 0000000180006c20 f   basisSL_sfun_registry.obj
 0001:00005c90       _ssRegisterSymbolicDimsPlus 0000000180006c90 f   basisSL_sfun_registry.obj
 0001:00005d10       _ssRegisterSymbolicDimsMinus 0000000180006d10 f   basisSL_sfun_registry.obj
 0001:00005d90       _ssRegisterSymbolicDimsMultiply 0000000180006d90 f   basisSL_sfun_registry.obj
 0001:00005e10       _ssRegisterSymbolicDimsDivide 0000000180006e10 f   basisSL_sfun_registry.obj
 0001:00005e90       _ssGetNumSymbolicDims      0000000180006e90 f   basisSL_sfun_registry.obj
 0001:00005f00       _ssGetSymbolicDim          0000000180006f00 f   basisSL_sfun_registry.obj
 0001:00005f80       _ssSetInputPortSymbolicDimsId 0000000180006f80 f   basisSL_sfun_registry.obj
 0001:00005ff0       _ssGetCompInputPortSymbolicDimsId 0000000180006ff0 f   basisSL_sfun_registry.obj
 0001:00006060       _ssSetCompInputPortSymbolicDimsId 0000000180007060 f   basisSL_sfun_registry.obj
 0001:000060d0       _ssSetOutputPortSymbolicDimsId 00000001800070d0 f   basisSL_sfun_registry.obj
 0001:00006140       _ssGetCompOutputPortSymbolicDimsId 0000000180007140 f   basisSL_sfun_registry.obj
 0001:000061b0       _ssSetCompOutputPortSymbolicDimsId 00000001800071b0 f   basisSL_sfun_registry.obj
 0001:00006220       _ssSetCompDWorkSymbolicDimsId 0000000180007220 f   basisSL_sfun_registry.obj
 0001:00006290       ssGetIsZeroCrossControlDisabled 0000000180007290 f   basisSL_sfun_registry.obj
 0001:00006300       ssSetIsInputPortUsedForContZcSignal 0000000180007300 f   basisSL_sfun_registry.obj
 0001:00006370       ssSetZcSignalIsZcElementDisc 0000000180007370 f   basisSL_sfun_registry.obj
 0001:00006420       ssSetZcSignalName          0000000180007420 f   basisSL_sfun_registry.obj
 0001:00006490       ssSetZcSignalWidth         0000000180007490 f   basisSL_sfun_registry.obj
 0001:00006500       ssSetZcSignalZcEventType   0000000180007500 f   basisSL_sfun_registry.obj
 0001:00006570       ssSetZcSignalType          0000000180007570 f   basisSL_sfun_registry.obj
 0001:000065e0       ssSetZcSignalZcTol         00000001800075e0 f   basisSL_sfun_registry.obj
 0001:00006650       ssSetZcSignalNeedsEventNotification 0000000180007650 f   basisSL_sfun_registry.obj
 0001:000066c0       ssCreateAndAddZcSignalInfo 00000001800076c0 f   basisSL_sfun_registry.obj
 0001:00006730       ssCloneAndAddZcSignalInfo  0000000180007730 f   basisSL_sfun_registry.obj
 0001:000067a0       ssGetNumZcSignals          00000001800077a0 f   basisSL_sfun_registry.obj
 0001:00006810       ssGetZcSignalVector        0000000180007810 f   basisSL_sfun_registry.obj
 0001:00006880       ssGetZcSignalName          0000000180007880 f   basisSL_sfun_registry.obj
 0001:000068f0       ssGetZcSignalWidth         00000001800078f0 f   basisSL_sfun_registry.obj
 0001:00006960       ssGetZcSignalZcEventType   0000000180007960 f   basisSL_sfun_registry.obj
 0001:000069d0       ssGetZcSignalZcEvents      00000001800079d0 f   basisSL_sfun_registry.obj
 0001:00006a40       ssGetZcSignalType          0000000180007a40 f   basisSL_sfun_registry.obj
 0001:00006ab0       ssGetZcSignalZcTol         0000000180007ab0 f   basisSL_sfun_registry.obj
 0001:00006b30       ssGetZcSignalNeedsEventNotification 0000000180007b30 f   basisSL_sfun_registry.obj
 0001:00006ba0       ssGetZcSignalIsZcElementDisc 0000000180007ba0 f   basisSL_sfun_registry.obj
 0001:00006c40       ssGetIsInputPortElementContinuous 0000000180007c40 f   basisSL_sfun_registry.obj
 0001:00006ce0       ssGetDTypeIdFromMxArray    0000000180007ce0 f   basisSL_sfun_registry.obj
 0001:00006e00       ssWriteRTWStr              0000000180007e00 f   basisSL_sfun_registry.obj
 0001:00006e60       ssWriteRTWNameValuePair    0000000180007e60 f   basisSL_sfun_registry.obj
 0001:00007360       ssWriteRTWParamSettings    0000000180008360 f   basisSL_sfun_registry.obj
 0001:00007a50       ssWriteRTWParameters       0000000180008a50 f   basisSL_sfun_registry.obj
 0001:00008020       ssWriteRTWWorkVect         0000000180009020 f   basisSL_sfun_registry.obj
 0001:00008510       ssWriteRTWMxVectParam      0000000180009510 f   basisSL_sfun_registry.obj
 0001:00008590       ssWriteRTWMx2dMatParam     0000000180009590 f   basisSL_sfun_registry.obj
 0001:00008620       _ssSetInputPortMatrixDimensions 0000000180009620 f   basisSL_sfun_registry.obj
 0001:00008720       _ssSetOutputPortMatrixDimensions 0000000180009720 f   basisSL_sfun_registry.obj
 0001:00008820       _ssSetInputPortVectorDimension 0000000180009820 f   basisSL_sfun_registry.obj
 0001:000088d0       _ssSetOutputPortVectorDimension 00000001800098d0 f   basisSL_sfun_registry.obj
 0001:00008980       ssIsRunTimeParamTunable    0000000180009980 f   basisSL_sfun_registry.obj
 0001:000089f0       ssGetSFuncBlockHandle      00000001800099f0 f   basisSL_sfun_registry.obj
 0001:00008a60       _ssGetCurrentInputPortWidth 0000000180009a60 f   basisSL_sfun_registry.obj
 0001:00008b80       _ssGetCurrentOutputPortWidth 0000000180009b80 f   basisSL_sfun_registry.obj
 0001:00008ca0       _ssGetCallSystemNumFcnCallDestinations 0000000180009ca0 f   basisSL_sfun_registry.obj
 0001:00008d10       ssWarning                  0000000180009d10 f   basisSL_sfun_registry.obj
 0001:00008e00       _ssGetAbsTol               0000000180009e00 f   basisSL_sfun_registry.obj
 0001:00008e70       _ssSetStateAbsTol          0000000180009e70 f   basisSL_sfun_registry.obj
 0001:00008f50       sf_process_check_sum_call  0000000180009f50 f   basisSL_sfun_registry.obj
 0001:00008fa0       sf_process_machine_uses_exported_functions_call 0000000180009fa0 f   basisSL_sfun_registry.obj
 0001:00009150       sf_process_autoinheritance_call 000000018000a150 f   basisSL_sfun_registry.obj
 0001:00009380       sf_process_get_third_party_uses_info_call 000000018000a380 f   basisSL_sfun_registry.obj
 0001:000095b0       sf_process_get_jit_fallback_info_call 000000018000a5b0 f   basisSL_sfun_registry.obj
 0001:000097e0       sf_process_get_updateBuildInfo_args_info_call 000000018000a7e0 f   basisSL_sfun_registry.obj
 0001:00009a10       sf_process_get_eml_resolved_functions_info_call 000000018000aa10 f   basisSL_sfun_registry.obj
 0001:00009c10       sf_process_get_post_codegen_info 000000018000ac10 f   basisSL_sfun_registry.obj
 0001:00009dc0       sf_mex_unlock_call         000000018000adc0 f   basisSL_sfun_registry.obj
 0001:0000a0a0       sf_machine_global_initializer_called 000000018000b0a0 f   basisSL_sfun_registry.obj
 0001:0000a0d0       sf_machine_global_method_dispatcher 000000018000b0d0 f   basisSL_sfun_registry.obj
 0001:0000a130       sf_machine_global_terminator 000000018000b130 f   basisSL_sfun_registry.obj
 0001:0000a180       sf_register_machine_exported_symbols 000000018000b180 f   basisSL_sfun_registry.obj
 0001:0000a1a0       callCustomFcn              000000018000b1a0 f   basisSL_sfun_registry.obj
 0001:0000a1b0       sf_machine_global_initializer 000000018000b1b0 f   basisSL_sfun_registry.obj
 0001:0000a270       mdlGetSimState             000000018000b270 f   basisSL_sfun_registry.obj
 0001:0000a2b0       mdlSetSimState             000000018000b2b0 f   basisSL_sfun_registry.obj
 0001:0000ab40       ProcessMexSfunctionEveryCall 000000018000bb40 f   basisSL_sfun_registry.obj
 0001:0000b7f6       sf_load_rtw_optimization_info 000000018000c7f6 f   sf_runtime:sf_runtime.dll
 0001:0000b7fc       sf_debug_initialize_machine 000000018000c7fc f   sf_runtime:sf_runtime.dll
 0001:0000b802       sf_debug_set_machine_event_thresholds 000000018000c802 f   sf_runtime:sf_runtime.dll
 0001:0000b808       sf_debug_set_machine_data_thresholds 000000018000c808 f   sf_runtime:sf_runtime.dll
 0001:0000b80e       sf_rtw_info_uint_prop      000000018000c80e f   sf_runtime:sf_runtime.dll
 0001:0000b814       sf_update_buildInfo        000000018000c814 f   sf_runtime:sf_runtime.dll
 0001:0000b81a       sf_is_chart_inlinable      000000018000c81a f   sf_runtime:sf_runtime.dll
 0001:0000b820       sf_mark_chart_reusable_outputs 000000018000c820 f   sf_runtime:sf_runtime.dll
 0001:0000b826       sf_mark_chart_expressionable_inputs 000000018000c826 f   sf_runtime:sf_runtime.dll
 0001:0000b82c       sim_mode_is_rtw_gen        000000018000c82c f   sf_runtime:sf_runtime.dll
 0001:0000b832       sim_mode_is_external       000000018000c832 f   sf_runtime:sf_runtime.dll
 0001:0000b838       sf_clear_rtw_identifier    000000018000c838 f   sf_runtime:sf_runtime.dll
 0001:0000b83e       sf_set_rtw_dwork_info      000000018000c83e f   sf_runtime:sf_runtime.dll
 0001:0000b844       sf_get_time                000000018000c844 f   sf_runtime:sf_runtime.dll
 0001:0000b84a       sf_is_first_init_cond      000000018000c84a f   sf_runtime:sf_runtime.dll
 0001:0000b850       sf_mex_error_message       000000018000c850 f   sf_runtime:sf_runtime.dll
 0001:0000b856       sf_mex_create              000000018000c856 f   sf_runtime:sf_runtime.dll
 0001:0000b85c       sf_mex_createcellmatrix    000000018000c85c f   sf_runtime:sf_runtime.dll
 0001:0000b862       sf_mex_setcell             000000018000c862 f   sf_runtime:sf_runtime.dll
 0001:0000b868       sf_mex_getcell             000000018000c868 f   sf_runtime:sf_runtime.dll
 0001:0000b86e       sf_mex_assign              000000018000c86e f   sf_runtime:sf_runtime.dll
 0001:0000b874       sf_mex_dup                 000000018000c874 f   sf_runtime:sf_runtime.dll
 0001:0000b87a       sf_mex_destroy             000000018000c87a f   sf_runtime:sf_runtime.dll
 0001:0000b880       sf_mex_import              000000018000c880 f   sf_runtime:sf_runtime.dll
 0001:0000b886       sf_mex_decode_encoded_mx_struct_array 000000018000c886 f   sf_runtime:sf_runtime.dll
 0001:0000b88c       ssGetInputPortSignal_wrapper 000000018000c88c f   sf_runtime:sf_runtime.dll
 0001:0000b892       ssGetOutputPortSignal_wrapper 000000018000c892 f   sf_runtime:sf_runtime.dll
 0001:0000b898       sf_runtime_overflow_check_is_on 000000018000c898 f   sf_runtime:sf_runtime.dll
 0001:0000b89e       sf_debug_initialize_chart  000000018000c89e f   sf_runtime:sf_runtime.dll
 0001:0000b8a4       sf_debug_call              000000018000c8a4 f   sf_runtime:sf_runtime.dll
 0001:0000b8aa       eml_debug_line_call        000000018000c8aa f   sf_runtime:sf_runtime.dll
 0001:0000b8b0       cv_eml_eval                000000018000c8b0 f   sf_runtime:sf_runtime.dll
 0001:0000b8b6       cv_eml_init_script         000000018000c8b6 f   sf_runtime:sf_runtime.dll
 0001:0000b8bc       cv_eml_init_fcn            000000018000c8bc f   sf_runtime:sf_runtime.dll
 0001:0000b8c2       sf_debug_reset_current_state_configuration 000000018000c8c2 f   sf_runtime:sf_runtime.dll
 0001:0000b8c8       sf_debug_check_for_state_inconsistency 000000018000c8c8 f   sf_runtime:sf_runtime.dll
 0001:0000b8ce       sf_debug_set_chart_data_props 000000018000c8ce f   sf_runtime:sf_runtime.dll
 0001:0000b8d4       sf_debug_set_chart_data_compiled_props 000000018000c8d4 f   sf_runtime:sf_runtime.dll
 0001:0000b8da       sf_debug_symbol_scope_push 000000018000c8da f   sf_runtime:sf_runtime.dll
 0001:0000b8e0       sf_debug_symbol_scope_push_eml 000000018000c8e0 f   sf_runtime:sf_runtime.dll
 0001:0000b8e6       sf_debug_symbol_scope_pop  000000018000c8e6 f   sf_runtime:sf_runtime.dll
 0001:0000b8ec       sf_debug_symbol_scope_add_eml 000000018000c8ec f   sf_runtime:sf_runtime.dll
 0001:0000b8f2       sf_debug_symbol_scope_add_eml_importable 000000018000c8f2 f   sf_runtime:sf_runtime.dll
 0001:0000b8f8       sf_debug_set_instance_data_value_ptr 000000018000c8f8 f   sf_runtime:sf_runtime.dll
 0001:0000b8fe       sf_debug_set_chart_disable_implicit_casting 000000018000c8fe f   sf_runtime:sf_runtime.dll
 0001:0000b904       sf_debug_set_chart_event_thresholds 000000018000c904 f   sf_runtime:sf_runtime.dll
 0001:0000b90a       sf_debug_set_chart_state_info 000000018000c90a f   sf_runtime:sf_runtime.dll
 0001:0000b910       sf_debug_set_chart_decomposition 000000018000c910 f   sf_runtime:sf_runtime.dll
 0001:0000b916       sf_debug_set_chart_substate_count 000000018000c916 f   sf_runtime:sf_runtime.dll
 0001:0000b91c       sf_debug_data_range_wrapper 000000018000c91c f   sf_runtime:sf_runtime.dll
 0001:0000b922       sf_debug_cv_init_trans     000000018000c922 f   sf_runtime:sf_runtime.dll
 0001:0000b928       sf_debug_cv_init_chart     000000018000c928 f   sf_runtime:sf_runtime.dll
 0001:0000b92e       sf_debug_cv_init_state     000000018000c92e f   sf_runtime:sf_runtime.dll
 0001:0000b934       callMdlMethodAndReportError 000000018000c934 f   sf_runtime:sf_runtime.dll
 0001:0000b93a       call_sf_machine_global_method_dispatcher 000000018000c93a f   sf_runtime:sf_runtime.dll
 0001:0000b940       sf_mex_error_direct_call   000000018000c940 f   sf_runtime:sf_runtime.dll
 0001:0000b946       sf_clear_error_manager_info 000000018000c946 f   sf_runtime:sf_runtime.dll
 0001:0000b94c       sf_debug_create_debug_instance_struct 000000018000c94c f   sf_runtime:sf_runtime.dll
 0001:0000b952       sf_debug_terminate         000000018000c952 f   sf_runtime:sf_runtime.dll
 0001:0000b958       sf_debug_api               000000018000c958 f   sf_runtime:sf_runtime.dll
 0001:0000b95e       mxIsChar                   000000018000c95e f   libmx:libmx.dll
 0001:0000b964       mxGetPr                    000000018000c964 f   libmx:libmx.dll
 0001:0000b96a       mxGetScalar                000000018000c96a f   libmx:libmx.dll
 0001:0000b970       mxDestroyArray             000000018000c970 f   libmx:libmx.dll
 0001:0000b976       mxCreateDoubleMatrix_730   000000018000c976 f   libmx:libmx.dll
 0001:0000b97c       mxCreateLogicalScalar      000000018000c97c f   libmx:libmx.dll
 0001:0000b982       mxGetString_730            000000018000c982 f   libmx:libmx.dll
 0001:0000b988       mxDuplicateArray           000000018000c988 f   libmx:libmx.dll
 0001:0000b98e       mxSetField_730             000000018000c98e f   libmx:libmx.dll
 0001:0000b994       mxCreateDoubleScalar       000000018000c994 f   libmx:libmx.dll
 0001:0000b99a       mxCreateString             000000018000c99a f   libmx:libmx.dll
 0001:0000b9a0       mxCreateCellMatrix_730     000000018000c9a0 f   libmx:libmx.dll
 0001:0000b9a6       mxCreateCellArray_730      000000018000c9a6 f   libmx:libmx.dll
 0001:0000b9ac       mxCreateStructMatrix_730   000000018000c9ac f   libmx:libmx.dll
 0001:0000b9b2       mxCreateStructArray_730    000000018000c9b2 f   libmx:libmx.dll
 0001:0000b9b8       mxCalloc                   000000018000c9b8 f   libmx:libmx.dll
 0001:0000b9be       mxGetM                     000000018000c9be f   libmx:libmx.dll
 0001:0000b9c4       mxGetClassID               000000018000c9c4 f   libmx:libmx.dll
 0001:0000b9ca       mxIsNumeric                000000018000c9ca f   libmx:libmx.dll
 0001:0000b9d0       mxIsComplex                000000018000c9d0 f   libmx:libmx.dll
 0001:0000b9d6       mxGetN                     000000018000c9d6 f   libmx:libmx.dll
 0001:0000b9dc       mexMakeArrayPersistent     000000018000c9dc f   libmex:libmex.dll
 0001:0000b9e2       mexErrMsgTxt               000000018000c9e2 f   libmex:libmex.dll
 0001:0000b9e8       mexWarnMsgTxt              000000018000c9e8 f   libmex:libmex.dll
 0001:0000b9ee       mexCallMATLABWithObject    000000018000c9ee f   libmex:libmex.dll
 0001:0000b9f4       mexLock                    000000018000c9f4 f   libmex:libmex.dll
 0001:0000b9fa       mexUnlock                  000000018000c9fa f   libmex:libmex.dll
 0001:0000ba00       mexIsLocked                000000018000ca00 f   libmex:libmex.dll
 0001:0000ba06       utMalloc                   000000018000ca06 f   libut:libut.dll
 0001:0000ba0c       utFree                     000000018000ca0c f   libut:libut.dll
 0001:0000ba14       __raise_securityfailure    000000018000ca14 f   MSVCRT:gs_report.obj
 0001:0000ba60       __report_gsfailure         000000018000ca60 f   MSVCRT:gs_report.obj
 0001:0000bb34       __report_rangecheckfailure 000000018000cb34 f   MSVCRT:gs_report.obj
 0001:0000bb48       __report_securityfailure   000000018000cb48 f   MSVCRT:gs_report.obj
 0001:0000bbe4       __report_securityfailureEx 000000018000cbe4 f   MSVCRT:gs_report.obj
 0001:0000bcf2       strcmp                     000000018000ccf2 f   MSVCRT:MSVCR120.dll
 0001:0000bcf8       __GSHandlerCheck           000000018000ccf8 f   MSVCRT:gshandler.obj
 0001:0000bd18       __GSHandlerCheckCommon     000000018000cd18 f   MSVCRT:gshandler.obj
 0001:0000bd90       __security_check_cookie    000000018000cd90 f   MSVCRT:amdsecgs.obj
 0001:0000bdb0       memset                     000000018000cdb0 f   MSVCRT:MSVCR120.dll
 0001:0000bdb6       memcpy                     000000018000cdb6 f   MSVCRT:MSVCR120.dll
 0001:0000bdbc       strcat                     000000018000cdbc f   MSVCRT:MSVCR120.dll
 0001:0000bdc2       strlen                     000000018000cdc2 f   MSVCRT:MSVCR120.dll
 0001:0000bdc8       sprintf                    000000018000cdc8 f   MSVCRT:MSVCR120.dll
 0001:0000bdce       free                       000000018000cdce f   MSVCRT:MSVCR120.dll
 0001:0000bdd4       malloc                     000000018000cdd4 f   MSVCRT:MSVCR120.dll
 0001:0000be3c       NtCurrentTeb               000000018000ce3c f i MSVCRT:crtdll.obj
 0001:0000be48       _CRT_INIT                  000000018000ce48 f   MSVCRT:crtdll.obj
 0001:0000c094       _DllMainCRTStartup         000000018000d094 f   MSVCRT:crtdll.obj
 0001:0000c20a       __crt_debugger_hook        000000018000d20a f   MSVCRT:MSVCR120.dll
 0001:0000c210       __crtUnhandledException    000000018000d210 f   MSVCRT:MSVCR120.dll
 0001:0000c216       __crtTerminateProcess      000000018000d216 f   MSVCRT:MSVCR120.dll
 0001:0000c21c       __crtCaptureCurrentContext 000000018000d21c f   MSVCRT:MSVCR120.dll
 0001:0000c222       __crtCapturePreviousContext 000000018000d222 f   MSVCRT:MSVCR120.dll
 0001:0000c228       __CppXcptFilter            000000018000d228 f   MSVCRT:MSVCR120.dll
 0001:0000c22e       _amsg_exit                 000000018000d22e f   MSVCRT:MSVCR120.dll
 0001:0000c240       _FindPESection             000000018000d240 f   MSVCRT:pesect.obj
 0001:0000c290       _IsNonwritableInCurrentImage 000000018000d290 f   MSVCRT:pesect.obj
 0001:0000c2e0       _ValidateImageBase         000000018000d2e0 f   MSVCRT:pesect.obj
 0001:0000c310       __atonexitinit             000000018000d310 f   MSVCRT:atonexit.obj
 0001:0000c360       _onexit                    000000018000d360 f   MSVCRT:atonexit.obj
 0001:0000c410       atexit                     000000018000d410 f   MSVCRT:atonexit.obj
 0001:0000c428       __security_init_cookie     000000018000d428 f   MSVCRT:gs_support.obj
 0001:0000c4d4       DllMain                    000000018000d4d4 f   MSVCRT:dllmain.obj
 0001:0000c4f8       _malloc_crt                000000018000d4f8 f   MSVCRT:MSVCR120.dll
 0001:0000c500       _RTC_Initialize            000000018000d500 f   MSVCRT:initsect.obj
 0001:0000c538       _RTC_Terminate             000000018000d538 f   MSVCRT:initsect.obj
 0001:0000c570       _initterm                  000000018000d570 f   MSVCRT:MSVCR120.dll
 0001:0000c576       _initterm_e                000000018000d576 f   MSVCRT:MSVCR120.dll
 0001:0000c57c       __clean_type_info_names    000000018000d57c f   MSVCRT:tncleanup.obj
 0001:0000c588       __C_specific_handler       000000018000d588 f   MSVCRT:MSVCR120.dll
 0001:0000c58e       _lock                      000000018000d58e f   MSVCRT:MSVCR120.dll
 0001:0000c594       _unlock                    000000018000d594 f   MSVCRT:MSVCR120.dll
 0001:0000c59a       _calloc_crt                000000018000d59a f   MSVCRT:MSVCR120.dll
 0001:0000c5a0       __dllonexit                000000018000d5a0 f   MSVCRT:MSVCR120.dll
 0001:0000c5a6       __clean_type_info_names_internal 000000018000d5a6 f   MSVCRT:MSVCR120.dll
 0001:0000c5ac       IsDebuggerPresent          000000018000d5ac f   kernel32:KERNEL32.dll
 0001:0000c5b2       IsProcessorFeaturePresent  000000018000d5b2 f   kernel32:KERNEL32.dll
 0001:0000c5b8       EncodePointer              000000018000d5b8 f   kernel32:KERNEL32.dll
 0001:0000c5be       DecodePointer              000000018000d5be f   kernel32:KERNEL32.dll
 0001:0000c5c4       QueryPerformanceCounter    000000018000d5c4 f   kernel32:KERNEL32.dll
 0001:0000c5ca       GetCurrentProcessId        000000018000d5ca f   kernel32:KERNEL32.dll
 0001:0000c5d0       GetCurrentThreadId         000000018000d5d0 f   kernel32:KERNEL32.dll
 0001:0000c5d6       GetSystemTimeAsFileTime    000000018000d5d6 f   kernel32:KERNEL32.dll
 0001:0000c5dc       DisableThreadLibraryCalls  000000018000d5dc f   kernel32:KERNEL32.dll
 0002:00000000       __imp_DisableThreadLibraryCalls 000000018000e000     kernel32:KERNEL32.dll
 0002:00000008       __imp_GetSystemTimeAsFileTime 000000018000e008     kernel32:KERNEL32.dll
 0002:00000010       __imp_GetCurrentThreadId   000000018000e010     kernel32:KERNEL32.dll
 0002:00000018       __imp_GetCurrentProcessId  000000018000e018     kernel32:KERNEL32.dll
 0002:00000020       __imp_QueryPerformanceCounter 000000018000e020     kernel32:KERNEL32.dll
 0002:00000028       __imp_DecodePointer        000000018000e028     kernel32:KERNEL32.dll
 0002:00000030       __imp_EncodePointer        000000018000e030     kernel32:KERNEL32.dll
 0002:00000038       __imp_IsProcessorFeaturePresent 000000018000e038     kernel32:KERNEL32.dll
 0002:00000040       __imp_IsDebuggerPresent    000000018000e040     kernel32:KERNEL32.dll
 0002:00000048       \177KERNEL32_NULL_THUNK_DATA 000000018000e048     kernel32:KERNEL32.dll
 0002:00000050       __imp___clean_type_info_names_internal 000000018000e050     MSVCRT:MSVCR120.dll
 0002:00000058       __imp__onexit              000000018000e058     MSVCRT:MSVCR120.dll
 0002:00000060       __imp___dllonexit          000000018000e060     MSVCRT:MSVCR120.dll
 0002:00000068       __imp__calloc_crt          000000018000e068     MSVCRT:MSVCR120.dll
 0002:00000070       __imp__unlock              000000018000e070     MSVCRT:MSVCR120.dll
 0002:00000078       __imp__lock                000000018000e078     MSVCRT:MSVCR120.dll
 0002:00000080       __imp___C_specific_handler 000000018000e080     MSVCRT:MSVCR120.dll
 0002:00000088       __imp__initterm_e          000000018000e088     MSVCRT:MSVCR120.dll
 0002:00000090       __imp__initterm            000000018000e090     MSVCRT:MSVCR120.dll
 0002:00000098       __imp__malloc_crt          000000018000e098     MSVCRT:MSVCR120.dll
 0002:000000a0       __imp__amsg_exit           000000018000e0a0     MSVCRT:MSVCR120.dll
 0002:000000a8       __imp___CppXcptFilter      000000018000e0a8     MSVCRT:MSVCR120.dll
 0002:000000b0       __imp___crtCapturePreviousContext 000000018000e0b0     MSVCRT:MSVCR120.dll
 0002:000000b8       __imp___crtCaptureCurrentContext 000000018000e0b8     MSVCRT:MSVCR120.dll
 0002:000000c0       __imp___crtTerminateProcess 000000018000e0c0     MSVCRT:MSVCR120.dll
 0002:000000c8       __imp___crtUnhandledException 000000018000e0c8     MSVCRT:MSVCR120.dll
 0002:000000d0       __imp___crt_debugger_hook  000000018000e0d0     MSVCRT:MSVCR120.dll
 0002:000000d8       __imp_malloc               000000018000e0d8     MSVCRT:MSVCR120.dll
 0002:000000e0       __imp_free                 000000018000e0e0     MSVCRT:MSVCR120.dll
 0002:000000e8       __imp_sprintf              000000018000e0e8     MSVCRT:MSVCR120.dll
 0002:000000f0       __imp_strlen               000000018000e0f0     MSVCRT:MSVCR120.dll
 0002:000000f8       __imp_strcat               000000018000e0f8     MSVCRT:MSVCR120.dll
 0002:00000100       __imp_memcpy               000000018000e100     MSVCRT:MSVCR120.dll
 0002:00000108       __imp_memset               000000018000e108     MSVCRT:MSVCR120.dll
 0002:00000110       __imp_strcmp               000000018000e110     MSVCRT:MSVCR120.dll
 0002:00000118       \177MSVCR120_NULL_THUNK_DATA 000000018000e118     MSVCRT:MSVCR120.dll
 0002:00000120       __imp_mexIsLocked          000000018000e120     libmex:libmex.dll
 0002:00000128       __imp_mexUnlock            000000018000e128     libmex:libmex.dll
 0002:00000130       __imp_mexLock              000000018000e130     libmex:libmex.dll
 0002:00000138       __imp_mexCallMATLABWithObject 000000018000e138     libmex:libmex.dll
 0002:00000140       __imp_mexWarnMsgTxt        000000018000e140     libmex:libmex.dll
 0002:00000148       __imp_mexErrMsgTxt         000000018000e148     libmex:libmex.dll
 0002:00000150       __imp_mexMakeArrayPersistent 000000018000e150     libmex:libmex.dll
 0002:00000158       \177libmex_NULL_THUNK_DATA 000000018000e158     libmex:libmex.dll
 0002:00000160       __imp_mxGetN               000000018000e160     libmx:libmx.dll
 0002:00000168       __imp_mxIsComplex          000000018000e168     libmx:libmx.dll
 0002:00000170       __imp_mxIsNumeric          000000018000e170     libmx:libmx.dll
 0002:00000178       __imp_mxGetClassID         000000018000e178     libmx:libmx.dll
 0002:00000180       __imp_mxGetM               000000018000e180     libmx:libmx.dll
 0002:00000188       __imp_mxCalloc             000000018000e188     libmx:libmx.dll
 0002:00000190       __imp_mxCreateStructArray_730 000000018000e190     libmx:libmx.dll
 0002:00000198       __imp_mxCreateStructMatrix_730 000000018000e198     libmx:libmx.dll
 0002:000001a0       __imp_mxCreateCellArray_730 000000018000e1a0     libmx:libmx.dll
 0002:000001a8       __imp_mxCreateCellMatrix_730 000000018000e1a8     libmx:libmx.dll
 0002:000001b0       __imp_mxCreateString       000000018000e1b0     libmx:libmx.dll
 0002:000001b8       __imp_mxCreateDoubleScalar 000000018000e1b8     libmx:libmx.dll
 0002:000001c0       __imp_mxSetField_730       000000018000e1c0     libmx:libmx.dll
 0002:000001c8       __imp_mxDuplicateArray     000000018000e1c8     libmx:libmx.dll
 0002:000001d0       __imp_mxGetString_730      000000018000e1d0     libmx:libmx.dll
 0002:000001d8       __imp_mxCreateLogicalScalar 000000018000e1d8     libmx:libmx.dll
 0002:000001e0       __imp_mxIsChar             000000018000e1e0     libmx:libmx.dll
 0002:000001e8       __imp_mxGetPr              000000018000e1e8     libmx:libmx.dll
 0002:000001f0       __imp_mxGetScalar          000000018000e1f0     libmx:libmx.dll
 0002:000001f8       __imp_mxDestroyArray       000000018000e1f8     libmx:libmx.dll
 0002:00000200       __imp_mxCreateDoubleMatrix_730 000000018000e200     libmx:libmx.dll
 0002:00000208       \177libmx_NULL_THUNK_DATA  000000018000e208     libmx:libmx.dll
 0002:00000210       __imp_utMalloc             000000018000e210     libut:libut.dll
 0002:00000218       __imp_utFree               000000018000e218     libut:libut.dll
 0002:00000220       \177libut_NULL_THUNK_DATA  000000018000e220     libut:libut.dll
 0002:00000228       __imp_sf_debug_create_debug_instance_struct 000000018000e228     sf_runtime:sf_runtime.dll
 0002:00000230       __imp_sf_clear_error_manager_info 000000018000e230     sf_runtime:sf_runtime.dll
 0002:00000238       __imp_sf_mex_error_direct_call 000000018000e238     sf_runtime:sf_runtime.dll
 0002:00000240       __imp_call_sf_machine_global_method_dispatcher 000000018000e240     sf_runtime:sf_runtime.dll
 0002:00000248       __imp_callMdlMethodAndReportError 000000018000e248     sf_runtime:sf_runtime.dll
 0002:00000250       __imp_sf_debug_cv_init_state 000000018000e250     sf_runtime:sf_runtime.dll
 0002:00000258       __imp_sf_debug_cv_init_chart 000000018000e258     sf_runtime:sf_runtime.dll
 0002:00000260       __imp_sf_debug_cv_init_trans 000000018000e260     sf_runtime:sf_runtime.dll
 0002:00000268       __imp_sf_debug_data_range_wrapper 000000018000e268     sf_runtime:sf_runtime.dll
 0002:00000270       __imp_sf_debug_set_chart_substate_count 000000018000e270     sf_runtime:sf_runtime.dll
 0002:00000278       __imp_sf_debug_terminate   000000018000e278     sf_runtime:sf_runtime.dll
 0002:00000280       __imp_sf_debug_set_chart_state_info 000000018000e280     sf_runtime:sf_runtime.dll
 0002:00000288       __imp_sf_debug_set_chart_event_thresholds 000000018000e288     sf_runtime:sf_runtime.dll
 0002:00000290       __imp_sf_debug_set_chart_disable_implicit_casting 000000018000e290     sf_runtime:sf_runtime.dll
 0002:00000298       __imp_sf_debug_set_instance_data_value_ptr 000000018000e298     sf_runtime:sf_runtime.dll
 0002:000002a0       __imp_sf_debug_symbol_scope_add_eml_importable 000000018000e2a0     sf_runtime:sf_runtime.dll
 0002:000002a8       __imp_sf_debug_symbol_scope_add_eml 000000018000e2a8     sf_runtime:sf_runtime.dll
 0002:000002b0       __imp_sf_debug_symbol_scope_pop 000000018000e2b0     sf_runtime:sf_runtime.dll
 0002:000002b8       __imp_sf_debug_symbol_scope_push_eml 000000018000e2b8     sf_runtime:sf_runtime.dll
 0002:000002c0       __imp_sf_debug_symbol_scope_push 000000018000e2c0     sf_runtime:sf_runtime.dll
 0002:000002c8       __imp_sf_debug_set_chart_data_compiled_props 000000018000e2c8     sf_runtime:sf_runtime.dll
 0002:000002d0       __imp_sf_debug_set_chart_data_props 000000018000e2d0     sf_runtime:sf_runtime.dll
 0002:000002d8       __imp_sf_debug_api         000000018000e2d8     sf_runtime:sf_runtime.dll
 0002:000002e0       __imp_sf_debug_set_chart_decomposition 000000018000e2e0     sf_runtime:sf_runtime.dll
 0002:000002e8       __imp_sf_debug_check_for_state_inconsistency 000000018000e2e8     sf_runtime:sf_runtime.dll
 0002:000002f0       __imp_sf_debug_reset_current_state_configuration 000000018000e2f0     sf_runtime:sf_runtime.dll
 0002:000002f8       __imp_cv_eml_init_fcn      000000018000e2f8     sf_runtime:sf_runtime.dll
 0002:00000300       __imp_cv_eml_init_script   000000018000e300     sf_runtime:sf_runtime.dll
 0002:00000308       __imp_cv_eml_eval          000000018000e308     sf_runtime:sf_runtime.dll
 0002:00000310       __imp_eml_debug_line_call  000000018000e310     sf_runtime:sf_runtime.dll
 0002:00000318       __imp_sf_debug_call        000000018000e318     sf_runtime:sf_runtime.dll
 0002:00000320       __imp_sf_debug_initialize_chart 000000018000e320     sf_runtime:sf_runtime.dll
 0002:00000328       __imp_sf_runtime_overflow_check_is_on 000000018000e328     sf_runtime:sf_runtime.dll
 0002:00000330       __imp_ssGetOutputPortSignal_wrapper 000000018000e330     sf_runtime:sf_runtime.dll
 0002:00000338       __imp_ssGetInputPortSignal_wrapper 000000018000e338     sf_runtime:sf_runtime.dll
 0002:00000340       __imp_sf_mex_decode_encoded_mx_struct_array 000000018000e340     sf_runtime:sf_runtime.dll
 0002:00000348       __imp_sf_mex_import        000000018000e348     sf_runtime:sf_runtime.dll
 0002:00000350       __imp_sf_mex_destroy       000000018000e350     sf_runtime:sf_runtime.dll
 0002:00000358       __imp_sf_mex_dup           000000018000e358     sf_runtime:sf_runtime.dll
 0002:00000360       __imp_sf_mex_assign        000000018000e360     sf_runtime:sf_runtime.dll
 0002:00000368       __imp_sf_mex_getcell       000000018000e368     sf_runtime:sf_runtime.dll
 0002:00000370       __imp_sf_mex_setcell       000000018000e370     sf_runtime:sf_runtime.dll
 0002:00000378       __imp_sf_mex_createcellmatrix 000000018000e378     sf_runtime:sf_runtime.dll
 0002:00000380       __imp_sf_mex_create        000000018000e380     sf_runtime:sf_runtime.dll
 0002:00000388       __imp_sf_mex_error_message 000000018000e388     sf_runtime:sf_runtime.dll
 0002:00000390       __imp_sf_is_first_init_cond 000000018000e390     sf_runtime:sf_runtime.dll
 0002:00000398       __imp_sf_get_time          000000018000e398     sf_runtime:sf_runtime.dll
 0002:000003a0       __imp_sf_set_rtw_dwork_info 000000018000e3a0     sf_runtime:sf_runtime.dll
 0002:000003a8       __imp_sf_clear_rtw_identifier 000000018000e3a8     sf_runtime:sf_runtime.dll
 0002:000003b0       __imp_sim_mode_is_external 000000018000e3b0     sf_runtime:sf_runtime.dll
 0002:000003b8       __imp_sim_mode_is_rtw_gen  000000018000e3b8     sf_runtime:sf_runtime.dll
 0002:000003c0       __imp_sf_mark_chart_expressionable_inputs 000000018000e3c0     sf_runtime:sf_runtime.dll
 0002:000003c8       __imp_sf_mark_chart_reusable_outputs 000000018000e3c8     sf_runtime:sf_runtime.dll
 0002:000003d0       __imp_sf_is_chart_inlinable 000000018000e3d0     sf_runtime:sf_runtime.dll
 0002:000003d8       __imp_sf_update_buildInfo  000000018000e3d8     sf_runtime:sf_runtime.dll
 0002:000003e0       __imp_sf_rtw_info_uint_prop 000000018000e3e0     sf_runtime:sf_runtime.dll
 0002:000003e8       __imp_sf_debug_set_machine_data_thresholds 000000018000e3e8     sf_runtime:sf_runtime.dll
 0002:000003f0       __imp_sf_debug_set_machine_event_thresholds 000000018000e3f0     sf_runtime:sf_runtime.dll
 0002:000003f8       __imp_sf_debug_initialize_machine 000000018000e3f8     sf_runtime:sf_runtime.dll
 0002:00000400       __imp_sf_load_rtw_optimization_info 000000018000e400     sf_runtime:sf_runtime.dll
 0002:00000408       \177sf_runtime_NULL_THUNK_DATA 000000018000e408     sf_runtime:sf_runtime.dll
 0002:00000410       __xc_a                     000000018000e410     MSVCRT:cinitexe.obj
 0002:00000418       __xc_z                     000000018000e418     MSVCRT:cinitexe.obj
 0002:00000420       __xi_a                     000000018000e420     MSVCRT:cinitexe.obj
 0002:00000438       __xi_z                     000000018000e438     MSVCRT:cinitexe.obj
 0002:00000440       __real@418558cb78000000    000000018000e440     basisSL_sfun.obj
 0002:00000448       __real@41b48881c0000000    000000018000e448     basisSL_sfun.obj
 0002:00000450       __real@41bef1c59d000000    000000018000e450     basisSL_sfun.obj
 0002:00000458       __real@41c1169ae6800000    000000018000e458     basisSL_sfun.obj
 0002:00000460       __real@41d01fdf19c00000    000000018000e460     basisSL_sfun.obj
 0002:00000468       __real@41d1a6290e000000    000000018000e468     basisSL_sfun.obj
 0002:00000470       __real@41d9bfa8d6000000    000000018000e470     basisSL_sfun.obj
 0002:00000478       __real@41e439a0c9c00000    000000018000e478     basisSL_sfun.obj
 0002:00000480       __real@41e8583dfc000000    000000018000e480     basisSL_sfun.obj
 0002:00000488       __real@41e8cffe7aa00000    000000018000e488     basisSL_sfun.obj
 0002:00000490       __real@41ea2b8134200000    000000018000e490     basisSL_sfun.obj
 0002:00000498       __real@41ee429680000000    000000018000e498     basisSL_sfun.obj
 0002:000004a0       __real@3ff0000000000000    000000018000e4a0     c2_basisSL.obj
 0002:000004a8       __real@4000000000000000    000000018000e4a8     c2_basisSL.obj
 0002:000004b0       __real@4024000000000000    000000018000e4b0     c2_basisSL.obj
 0002:000004b8       __real@408f400000000000    000000018000e4b8     c2_basisSL.obj
 0002:000004c0       __real@41dbf79fe1000000    000000018000e4c0     c2_basisSL.obj
 0002:000004c8       __real@41e3ceca7ce00000    000000018000e4c8     c2_basisSL.obj
 0002:000004d0       __real@41e731bdadc00000    000000018000e4d0     c2_basisSL.obj
 0002:000004d8       __real@41e8e8d5ad600000    000000018000e4d8     c2_basisSL.obj
 0002:000004e0       _ssBadLevel2InputAccessMsg 000000018000e4e0     basisSL_sfun_registry.obj
 0002:00000670       _ssBadLevel2DirectFeedMsg  000000018000e670     basisSL_sfun_registry.obj
 0002:000007b0       _ssBadLevel2DirectFeedSolutionMsg 000000018000e7b0     basisSL_sfun_registry.obj
 0002:00000820       _ssBadLevel2ZeroDirectFeedMsg 000000018000e820     basisSL_sfun_registry.obj
 0002:00000960       _ssBadLevel2ZeroDirectFeedMsg2 000000018000e960     basisSL_sfun_registry.obj
 0002:00000a48       DYNAMIC_DIMENSION_DEF      000000018000ea48     basisSL_sfun_registry.obj
 0002:00000a60       __real@0000000000000000    000000018000ea60     basisSL_sfun_registry.obj
 0002:00000a68       __real@41602cbca0000000    000000018000ea68     basisSL_sfun_registry.obj
 0002:00000a70       __real@bff0000000000000    000000018000ea70     basisSL_sfun_registry.obj
 0002:00000a88       _pRawDllMain               000000018000ea88     MSVCRT:crtdll.obj
 0002:00000a88       _pDefaultRawDllMain        000000018000ea88     MSVCRT:crtdll.obj
 0002:00000a90       ?ProcessDetach@NativeDll@<CrtImplementationDetails>@@0IB 000000018000ea90     MSVCRT:initsect.obj
 0002:00000a94       ?ProcessAttach@NativeDll@<CrtImplementationDetails>@@0IB 000000018000ea94     MSVCRT:initsect.obj
 0002:00000a98       ?ThreadAttach@NativeDll@<CrtImplementationDetails>@@0IB 000000018000ea98     MSVCRT:initsect.obj
 0002:00000a9c       ?ThreadDetach@NativeDll@<CrtImplementationDetails>@@0IB 000000018000ea9c     MSVCRT:initsect.obj
 0002:00000aa0       ?ProcessVerifier@NativeDll@<CrtImplementationDetails>@@0IB 000000018000eaa0     MSVCRT:initsect.obj
 0002:00000aa4       ?value@?$integral_constant@_N$0A@@std@@2_NB 000000018000eaa4     MSVCRT:tncleanup.obj
 0002:00000aa5       ?value@?$integral_constant@_N$00@std@@2_NB 000000018000eaa5     MSVCRT:tncleanup.obj
 0002:00000ab0       _load_config_used          000000018000eab0     MSVCRT:loadcfg.obj
 0002:00000b20       __rtc_iaa                  000000018000eb20     MSVCRT:initsect.obj
 0002:00000b28       __rtc_izz                  000000018000eb28     MSVCRT:initsect.obj
 0002:00000b30       __rtc_taa                  000000018000eb30     MSVCRT:initsect.obj
 0002:00000b38       __rtc_tzz                  000000018000eb38     MSVCRT:initsect.obj
 0002:000012f4       __IMPORT_DESCRIPTOR_sf_runtime 000000018000f2f4     sf_runtime:sf_runtime.dll
 0002:00001308       __IMPORT_DESCRIPTOR_libmx  000000018000f308     libmx:libmx.dll
 0002:0000131c       __IMPORT_DESCRIPTOR_libmex 000000018000f31c     libmex:libmex.dll
 0002:00001330       __IMPORT_DESCRIPTOR_libut  000000018000f330     libut:libut.dll
 0002:00001344       __IMPORT_DESCRIPTOR_MSVCR120 000000018000f344     MSVCRT:MSVCR120.dll
 0002:00001358       __IMPORT_DESCRIPTOR_KERNEL32 000000018000f358     kernel32:KERNEL32.dll
 0002:0000136c       __NULL_IMPORT_DESCRIPTOR   000000018000f36c     sf_runtime:sf_runtime.dll
 0003:000012d0       DYNAMIC_DIMENSION          00000001800122d0     basisSL_sfun_registry.obj
 0003:00001770       __security_cookie          0000000180012770     MSVCRT:gs_cookie.obj
 0003:00001778       __security_cookie_complement 0000000180012778     MSVCRT:gs_cookie.obj
 0003:00001780       _fltused                   0000000180012780     MSVCRT:dllsupp.obj
 0003:00001784       __native_dllmain_reason    0000000180012784     MSVCRT:natstart.obj
 0003:000017b0       sfGlobalDebugInstanceStruct 00000001800127b0     basisSL_sfun_registry.obj
 0003:00001e08       ?__type_info_root_node@@3U__type_info_node@@A 0000000180012e08     MSVCRT:tncleanup.obj
 0003:00001e18       _basisSLMachineNumber_     0000000180012e18     <common>
 0003:00001e20       __native_startup_lock      0000000180012e20     <common>
 0003:00001e28       __native_startup_state     0000000180012e28     <common>
 0003:00001e30       __onexitend                0000000180012e30     <common>
 0003:00001e38       __onexitbegin              0000000180012e38     <common>
 0003:00001e40       __dyn_tls_init_callback    0000000180012e40     <common>

 entry point at        0001:0000c094

 Static symbols

 0000:00000000       .debug$S                   0000000180000000     sf_runtime:sf_runtime.dll
 0000:00000000       .debug$S                   0000000180000000     sf_runtime:sf_runtime.dll
 0000:00000000       .debug$S                   0000000180000000     sf_runtime:sf_runtime.dll
 0000:00000000       .debug$S                   0000000180000000     sf_runtime:sf_runtime.dll
 0000:00000000       .debug$S                   0000000180000000     sf_runtime:sf_runtime.dll
 0000:00000000       .debug$S                   0000000180000000     sf_runtime:sf_runtime.dll
 0000:00000000       .debug$S                   0000000180000000     kernel32:KERNEL32.dll
 0000:00000000       .debug$S                   0000000180000000     kernel32:KERNEL32.dll
 0000:00000000       .debug$S                   0000000180000000     kernel32:KERNEL32.dll
 0000:00000000       .debug$S                   0000000180000000     kernel32:KERNEL32.dll
 0000:00000000       .debug$S                   0000000180000000     kernel32:KERNEL32.dll
 0000:00000000       .debug$S                   0000000180000000     kernel32:KERNEL32.dll
 0000:00000000       .debug$S                   0000000180000000     kernel32:KERNEL32.dll
 0000:00000000       .debug$S                   0000000180000000     kernel32:KERNEL32.dll
 0000:00000000       .debug$S                   0000000180000000     kernel32:KERNEL32.dll
 0000:00000000       .debug$S                   0000000180000000     MSVCRT:MSVCR120.dll
 0000:00000000       .debug$S                   0000000180000000     MSVCRT:MSVCR120.dll
 0000:00000000       .debug$S                   0000000180000000     MSVCRT:MSVCR120.dll
 0000:00000000       .debug$S                   0000000180000000     MSVCRT:MSVCR120.dll
 0000:00000000       .debug$S                   0000000180000000     MSVCRT:MSVCR120.dll
 0000:00000000       .debug$S                   0000000180000000     MSVCRT:MSVCR120.dll
 0000:00000000       .debug$S                   0000000180000000     MSVCRT:MSVCR120.dll
 0000:00000000       .debug$S                   0000000180000000     MSVCRT:MSVCR120.dll
 0000:00000000       .debug$S                   0000000180000000     MSVCRT:MSVCR120.dll
 0000:00000000       .debug$S                   0000000180000000     MSVCRT:MSVCR120.dll
 0000:00000000       .debug$S                   0000000180000000     MSVCRT:MSVCR120.dll
 0000:00000000       .debug$S                   0000000180000000     MSVCRT:MSVCR120.dll
 0000:00000000       .debug$S                   0000000180000000     MSVCRT:MSVCR120.dll
 0000:00000000       .debug$S                   0000000180000000     MSVCRT:MSVCR120.dll
 0000:00000000       .debug$S                   0000000180000000     MSVCRT:MSVCR120.dll
 0000:00000000       .debug$S                   0000000180000000     MSVCRT:MSVCR120.dll
 0000:00000000       .debug$S                   0000000180000000     MSVCRT:MSVCR120.dll
 0000:00000000       .debug$S                   0000000180000000     MSVCRT:MSVCR120.dll
 0000:00000000       .debug$S                   0000000180000000     MSVCRT:MSVCR120.dll
 0000:00000000       .debug$S                   0000000180000000     MSVCRT:MSVCR120.dll
 0000:00000000       .debug$S                   0000000180000000     MSVCRT:MSVCR120.dll
 0000:00000000       .debug$S                   0000000180000000     MSVCRT:MSVCR120.dll
 0000:00000000       .debug$S                   0000000180000000     MSVCRT:MSVCR120.dll
 0000:00000000       .debug$S                   0000000180000000     MSVCRT:MSVCR120.dll
 0000:00000000       .debug$S                   0000000180000000     MSVCRT:MSVCR120.dll
 0000:00000000       .debug$S                   0000000180000000     sf_runtime:sf_runtime.dll
 0000:00000000       .debug$S                   0000000180000000     sf_runtime:sf_runtime.dll
 0000:00000000       .debug$S                   0000000180000000     sf_runtime:sf_runtime.dll
 0000:00000000       .debug$S                   0000000180000000     sf_runtime:sf_runtime.dll
 0000:00000000       .debug$S                   0000000180000000     sf_runtime:sf_runtime.dll
 0000:00000000       .debug$S                   0000000180000000     sf_runtime:sf_runtime.dll
 0000:00000000       .debug$S                   0000000180000000     sf_runtime:sf_runtime.dll
 0000:00000000       .debug$S                   0000000180000000     sf_runtime:sf_runtime.dll
 0000:00000000       .debug$S                   0000000180000000     sf_runtime:sf_runtime.dll
 0000:00000000       .debug$S                   0000000180000000     sf_runtime:sf_runtime.dll
 0000:00000000       .debug$S                   0000000180000000     sf_runtime:sf_runtime.dll
 0000:00000000       .debug$S                   0000000180000000     sf_runtime:sf_runtime.dll
 0000:00000000       .debug$S                   0000000180000000     sf_runtime:sf_runtime.dll
 0000:00000000       .debug$S                   0000000180000000     sf_runtime:sf_runtime.dll
 0000:00000000       .debug$S                   0000000180000000     sf_runtime:sf_runtime.dll
 0000:00000000       .debug$S                   0000000180000000     sf_runtime:sf_runtime.dll
 0000:00000000       .debug$S                   0000000180000000     sf_runtime:sf_runtime.dll
 0000:00000000       .debug$S                   0000000180000000     sf_runtime:sf_runtime.dll
 0000:00000000       .debug$S                   0000000180000000     sf_runtime:sf_runtime.dll
 0000:00000000       .debug$S                   0000000180000000     sf_runtime:sf_runtime.dll
 0000:00000000       .debug$S                   0000000180000000     sf_runtime:sf_runtime.dll
 0000:00000000       .debug$S                   0000000180000000     sf_runtime:sf_runtime.dll
 0000:00000000       .debug$S                   0000000180000000     sf_runtime:sf_runtime.dll
 0000:00000000       .debug$S                   0000000180000000     sf_runtime:sf_runtime.dll
 0000:00000000       .debug$S                   0000000180000000     sf_runtime:sf_runtime.dll
 0000:00000000       .debug$S                   0000000180000000     sf_runtime:sf_runtime.dll
 0000:00000000       .debug$S                   0000000180000000     sf_runtime:sf_runtime.dll
 0000:00000000       .debug$S                   0000000180000000     sf_runtime:sf_runtime.dll
 0000:00000000       .debug$S                   0000000180000000     sf_runtime:sf_runtime.dll
 0000:00000000       .debug$S                   0000000180000000     sf_runtime:sf_runtime.dll
 0000:00000000       .debug$S                   0000000180000000     libmx:libmx.dll
 0000:00000000       .debug$S                   0000000180000000     sf_runtime:sf_runtime.dll
 0000:00000000       .debug$S                   0000000180000000     sf_runtime:sf_runtime.dll
 0000:00000000       .debug$S                   0000000180000000     sf_runtime:sf_runtime.dll
 0000:00000000       .debug$S                   0000000180000000     sf_runtime:sf_runtime.dll
 0000:00000000       .debug$S                   0000000180000000     sf_runtime:sf_runtime.dll
 0000:00000000       .debug$S                   0000000180000000     libut:libut.dll
 0000:00000000       .debug$S                   0000000180000000     libut:libut.dll
 0000:00000000       .debug$S                   0000000180000000     sf_runtime:sf_runtime.dll
 0000:00000000       .debug$S                   0000000180000000     libmex:libmex.dll
 0000:00000000       .debug$S                   0000000180000000     libmex:libmex.dll
 0000:00000000       .debug$S                   0000000180000000     libmex:libmex.dll
 0000:00000000       .debug$S                   0000000180000000     libmex:libmex.dll
 0000:00000000       .debug$S                   0000000180000000     libmex:libmex.dll
 0000:00000000       .debug$S                   0000000180000000     libmex:libmex.dll
 0000:00000000       .debug$S                   0000000180000000     libmex:libmex.dll
 0000:00000000       .debug$S                   0000000180000000     sf_runtime:sf_runtime.dll
 0000:00000000       .debug$S                   0000000180000000     libmx:libmx.dll
 0000:00000000       .debug$S                   0000000180000000     libmx:libmx.dll
 0000:00000000       .debug$S                   0000000180000000     libmx:libmx.dll
 0000:00000000       .debug$S                   0000000180000000     libmx:libmx.dll
 0000:00000000       .debug$S                   0000000180000000     libmx:libmx.dll
 0000:00000000       .debug$S                   0000000180000000     libmx:libmx.dll
 0000:00000000       .debug$S                   0000000180000000     libmx:libmx.dll
 0000:00000000       .debug$S                   0000000180000000     libmx:libmx.dll
 0000:00000000       .debug$S                   0000000180000000     libmx:libmx.dll
 0000:00000000       .debug$S                   0000000180000000     libmx:libmx.dll
 0000:00000000       .debug$S                   0000000180000000     libmx:libmx.dll
 0000:00000000       .debug$S                   0000000180000000     libmx:libmx.dll
 0000:00000000       .debug$S                   0000000180000000     libmx:libmx.dll
 0000:00000000       .debug$S                   0000000180000000     libmx:libmx.dll
 0000:00000000       .debug$S                   0000000180000000     libmx:libmx.dll
 0000:00000000       .debug$S                   0000000180000000     libmx:libmx.dll
 0000:00000000       .debug$S                   0000000180000000     libmx:libmx.dll
 0000:00000000       .debug$S                   0000000180000000     sf_runtime:sf_runtime.dll
 0000:00000000       .debug$S                   0000000180000000     sf_runtime:sf_runtime.dll
 0000:00000000       .debug$S                   0000000180000000     sf_runtime:sf_runtime.dll
 0000:00000000       .debug$S                   0000000180000000     sf_runtime:sf_runtime.dll
 0000:00000000       .debug$S                   0000000180000000     sf_runtime:sf_runtime.dll
 0000:00000000       .debug$S                   0000000180000000     sf_runtime:sf_runtime.dll
 0000:00000000       .debug$S                   0000000180000000     sf_runtime:sf_runtime.dll
 0000:00000000       .debug$S                   0000000180000000     sf_runtime:sf_runtime.dll
 0000:00000000       .debug$S                   0000000180000000     sf_runtime:sf_runtime.dll
 0000:00000000       .debug$S                   0000000180000000     sf_runtime:sf_runtime.dll
 0000:00000000       .debug$S                   0000000180000000     sf_runtime:sf_runtime.dll
 0000:00000000       .debug$S                   0000000180000000     sf_runtime:sf_runtime.dll
 0000:00000000       .debug$S                   0000000180000000     sf_runtime:sf_runtime.dll
 0000:00000000       .debug$S                   0000000180000000     sf_runtime:sf_runtime.dll
 0000:00000000       .debug$S                   0000000180000000     sf_runtime:sf_runtime.dll
 0000:00000000       .debug$S                   0000000180000000     sf_runtime:sf_runtime.dll
 0000:00000000       .debug$S                   0000000180000000     sf_runtime:sf_runtime.dll
 0000:00000000       .debug$S                   0000000180000000     libmx:libmx.dll
 0000:00000000       .debug$S                   0000000180000000     libmx:libmx.dll
 0000:00000000       .debug$S                   0000000180000000     libmx:libmx.dll
 0001:00001320       chart_debug_initialization 0000000180002320 f   c2_basisSL.obj
 0001:00001a80       chart_debug_initialize_data_addresses 0000000180002a80 f   c2_basisSL.obj
 0001:00001be0       initialize_c2_basisSL      0000000180002be0 f   c2_basisSL.obj
 0001:00001c50       initialize_params_c2_basisSL 0000000180002c50 f   c2_basisSL.obj
 0001:00001c60       enable_c2_basisSL          0000000180002c60 f   c2_basisSL.obj
 0001:00001c90       disable_c2_basisSL         0000000180002c90 f   c2_basisSL.obj
 0001:00001cc0       c2_update_debugger_state_c2_basisSL 0000000180002cc0 f   c2_basisSL.obj
 0001:00001cd0       get_sim_state_c2_basisSL   0000000180002cd0 f   c2_basisSL.obj
 0001:00001e60       set_sim_state_c2_basisSL   0000000180002e60 f   c2_basisSL.obj
 0001:00001f30       finalize_c2_basisSL        0000000180002f30 f   c2_basisSL.obj
 0001:00001f40       sf_gateway_c2_basisSL      0000000180002f40 f   c2_basisSL.obj
 0001:00002610       initSimStructsc2_basisSL   0000000180003610 f   c2_basisSL.obj
 0001:00002620       init_script_number_translation 0000000180003620 f   c2_basisSL.obj
 0001:00002640       c2_sf_marshallOut          0000000180003640 f   c2_basisSL.obj
 0001:000026f0       c2_emlrt_marshallIn        00000001800036f0 f   c2_basisSL.obj
 0001:00002760       c2_b_emlrt_marshallIn      0000000180003760 f   c2_basisSL.obj
 0001:000027f0       c2_sf_marshallIn           00000001800037f0 f   c2_basisSL.obj
 0001:00002890       c2_d_emlrt_marshallIn      0000000180003890 f   c2_basisSL.obj
 0001:000028f0       c2_e_emlrt_marshallIn      00000001800038f0 f   c2_basisSL.obj
 0001:00002980       init_dsm_address_info      0000000180003980 f   c2_basisSL.obj
 0001:00002990       init_simulink_io_address   0000000180003990 f   c2_basisSL.obj
 0001:00003300       sf_get_sim_state_info_c2_basisSL 0000000180004300 f   c2_basisSL.obj
 0001:000033d0       sf_get_instance_specialization 00000001800043d0 f   c2_basisSL.obj
 0001:000033e0       sf_opaque_initialize_c2_basisSL 00000001800043e0 f   c2_basisSL.obj
 0001:00003420       sf_opaque_enable_c2_basisSL 0000000180004420 f   c2_basisSL.obj
 0001:00003440       sf_opaque_disable_c2_basisSL 0000000180004440 f   c2_basisSL.obj
 0001:00003460       sf_opaque_gateway_c2_basisSL 0000000180004460 f   c2_basisSL.obj
 0001:00003480       sf_opaque_get_sim_state_c2_basisSL 0000000180004480 f   c2_basisSL.obj
 0001:000034d0       sf_opaque_set_sim_state_c2_basisSL 00000001800044d0 f   c2_basisSL.obj
 0001:00003520       sf_opaque_terminate_c2_basisSL 0000000180004520 f   c2_basisSL.obj
 0001:000035c0       mdlProcessParameters_c2_basisSL 00000001800045c0 f   c2_basisSL.obj
 0001:000036a0       mdlSetWorkWidths_c2_basisSL 00000001800046a0 f   c2_basisSL.obj
 0001:00003c20       mdlRTW_c2_basisSL          0000000180004c20 f   c2_basisSL.obj
 0001:00003c60       mdlStart_c2_basisSL        0000000180004c60 f   c2_basisSL.obj
 0001:000051d8       $LN120                     00000001800061d8     basisSL_sfun_registry.obj
 0001:00006da4       $LN17                      0000000180007da4     basisSL_sfun_registry.obj
 0001:0000732c       $LN26                      000000018000832c     basisSL_sfun_registry.obj
 0001:00007a14       $LN23                      0000000180008a14     basisSL_sfun_registry.obj
 0001:00007ff0       $LN26                      0000000180008ff0     basisSL_sfun_registry.obj
 0001:00009eb0       sf_debug_api_wrapper       000000018000aeb0 f   basisSL_sfun_registry.obj
 0001:00009f00       ProcessMexSfunctionCmdLineCall 000000018000af00 f   basisSL_sfun_registry.obj
 0001:0000a230       getChartInfoFromSimStruct  000000018000b230 f   basisSL_sfun_registry.obj
 0001:0000a2f0       mdlSetWorkWidths           000000018000b2f0 f   basisSL_sfun_registry.obj
 0001:0000a320       mdlProcessParameters       000000018000b320 f   basisSL_sfun_registry.obj
 0001:0000a350       mdl_start_processing       000000018000b350 f   basisSL_sfun_registry.obj
 0001:0000a410       mdl_terminate_processing   000000018000b410 f   basisSL_sfun_registry.obj
 0001:0000a490       mdlStart                   000000018000b490 f   basisSL_sfun_registry.obj
 0001:0000a4c0       mdlTerminate               000000018000b4c0 f   basisSL_sfun_registry.obj
 0001:0000a4f0       mdlInitializeSizes         000000018000b4f0 f   basisSL_sfun_registry.obj
 0001:0000a520       mdlInitializeSampleTimes   000000018000b520 f   basisSL_sfun_registry.obj
 0001:0000a550       mdl_outputs_continuous_legacy 000000018000b550 f   basisSL_sfun_registry.obj
 0001:0000a650       mdl_outputs_processing     000000018000b650 f   basisSL_sfun_registry.obj
 0001:0000a780       mdl_zeroCrossings_processing 000000018000b780 f   basisSL_sfun_registry.obj
 0001:0000a7c0       mdlZeroCrossings           000000018000b7c0 f   basisSL_sfun_registry.obj
 0001:0000a7f0       mdl_derivatives_processing 000000018000b7f0 f   basisSL_sfun_registry.obj
 0001:0000a840       mdlDerivatives             000000018000b840 f   basisSL_sfun_registry.obj
 0001:0000a870       mdl_initialize_conditions_processing 000000018000b870 f   basisSL_sfun_registry.obj
 0001:0000a8c0       mdlInitializeConditions    000000018000b8c0 f   basisSL_sfun_registry.obj
 0001:0000a8f0       mdl_ext_mode_exec_processing 000000018000b8f0 f   basisSL_sfun_registry.obj
 0001:0000a930       mdlExtModeExec             000000018000b930 f   basisSL_sfun_registry.obj
 0001:0000a960       mdlRTW                     000000018000b960 f   basisSL_sfun_registry.obj
 0001:0000a9a0       mdl_enable_processing      000000018000b9a0 f   basisSL_sfun_registry.obj
 0001:0000a9e0       mdlEnable                  000000018000b9e0 f   basisSL_sfun_registry.obj
 0001:0000aa10       mdl_disable_processing     000000018000ba10 f   basisSL_sfun_registry.obj
 0001:0000aa50       mdlDisable                 000000018000ba50 f   basisSL_sfun_registry.obj
 0001:0000aa80       mdlOutputs                 000000018000ba80 f   basisSL_sfun_registry.obj
 0001:0000aab0       mdl_update_processing      000000018000bab0 f   basisSL_sfun_registry.obj
 0001:0000ab10       mdlUpdate                  000000018000bb10 f   basisSL_sfun_registry.obj
 0001:0000acf0       mdlGetTimeOfNextVarHit     000000018000bcf0 f   basisSL_sfun_registry.obj
 0001:0000ad40       _RegNumInputPortsCB        000000018000bd40 f   basisSL_sfun_registry.obj
 0001:0000adc0       _RegNumOutputPortsCB       000000018000bdc0 f   basisSL_sfun_registry.obj
 0001:0000ae40       _CreateSimStruct           000000018000be40 f   basisSL_sfun_registry.obj
 0001:0000afd0       _ssFatalError              000000018000bfd0 f   basisSL_sfun_registry.obj
 0001:0000b0a0       _ProcessMexSfunctionCmdLineCall 000000018000c0a0 f   basisSL_sfun_registry.obj
 0001:0000bd80       $$000000                   000000018000cd80     MSVCRT:amdsecgs.obj
 0001:0000bddc       pre_c_init                 000000018000cddc f   MSVCRT:crtdll.obj
 0001:0000c0d4       __DllMainCRTStartup        000000018000d0d4 f   MSVCRT:crtdll.obj
 0001:0000c5f0       __DllMainCRTStartup$filt$0 000000018000d5f0 f   MSVCRT:crtdll.obj
 0001:0000c615       __DllMainCRTStartup$fin$1  000000018000d615 f   MSVCRT:crtdll.obj
 0001:0000c630       _IsNonwritableInCurrentImage$filt$0 000000018000d630 f   MSVCRT:pesect.obj
 0001:0000c650       _onexit$fin$0              000000018000d650 f   MSVCRT:atonexit.obj
 0002:00000428       pcinit                     000000018000e428     MSVCRT:crtdll.obj
 0002:00000430       pinit                      000000018000e430     MSVCRT:atonexit.obj
 0002:00000a78       GS_ExceptionPointers       000000018000ea78     MSVCRT:gs_report.obj
 0002:00000b40       $unwind$load_basisSL_optimization_info 000000018000eb40     basisSL_sfun.obj
 0002:00000b48       $unwind$unload_basisSL_optimization_info 000000018000eb48     basisSL_sfun.obj
 0002:00000b50       $unwind$sf_basisSL_method_dispatcher 000000018000eb50     basisSL_sfun.obj
 0002:00000b58       $unwind$sf_basisSL_uses_exported_functions 000000018000eb58     basisSL_sfun.obj
 0002:00000b60       $unwind$sf_basisSL_process_check_sum_call 000000018000eb60     basisSL_sfun.obj
 0002:00000b70       $unwind$sf_basisSL_autoinheritance_info 000000018000eb70     basisSL_sfun.obj
 0002:00000b80       $unwind$sf_basisSL_get_eml_resolved_functions_info 000000018000eb80     basisSL_sfun.obj
 0002:00000b90       $unwind$sf_basisSL_third_party_uses_info 000000018000eb90     basisSL_sfun.obj
 0002:00000ba0       $unwind$sf_basisSL_jit_fallback_info 000000018000eba0     basisSL_sfun.obj
 0002:00000bb0       $unwind$sf_basisSL_updateBuildInfo_args_info 000000018000ebb0     basisSL_sfun.obj
 0002:00000bc0       $unwind$sf_basisSL_get_post_codegen_info 000000018000ebc0     basisSL_sfun.obj
 0002:00000bd0       $unwind$basisSL_debug_initialize 000000018000ebd0     basisSL_sfun.obj
 0002:00000bd8       $unwind$sf_c2_basisSL_get_eml_resolved_functions_info 000000018000ebd8     c2_basisSL.obj
 0002:00000be0       $unwind$sf_c2_basisSL_get_check_sum 000000018000ebe0     c2_basisSL.obj
 0002:00000be8       $unwind$c2_basisSL_method_dispatcher 000000018000ebe8     c2_basisSL.obj
 0002:00000bf0       $unwind$chart_debug_initialization 000000018000ebf0     c2_basisSL.obj
 0002:00000bf8       $unwind$chart_debug_initialize_data_addresses 000000018000ebf8     c2_basisSL.obj
 0002:00000c00       $unwind$initialize_c2_basisSL 000000018000ec00     c2_basisSL.obj
 0002:00000c08       $unwind$enable_c2_basisSL  000000018000ec08     c2_basisSL.obj
 0002:00000c10       $unwind$disable_c2_basisSL 000000018000ec10     c2_basisSL.obj
 0002:00000c18       $unwind$get_sim_state_c2_basisSL 000000018000ec18     c2_basisSL.obj
 0002:00000c20       $unwind$set_sim_state_c2_basisSL 000000018000ec20     c2_basisSL.obj
 0002:00000c28       $unwind$sf_gateway_c2_basisSL 000000018000ec28     c2_basisSL.obj
 0002:00000c38       $unwind$c2_sf_marshallOut  000000018000ec38     c2_basisSL.obj
 0002:00000c40       $unwind$c2_emlrt_marshallIn 000000018000ec40     c2_basisSL.obj
 0002:00000c48       $unwind$c2_b_emlrt_marshallIn 000000018000ec48     c2_basisSL.obj
 0002:00000c50       $unwind$c2_sf_marshallIn   000000018000ec50     c2_basisSL.obj
 0002:00000c58       $unwind$c2_d_emlrt_marshallIn 000000018000ec58     c2_basisSL.obj
 0002:00000c60       $unwind$c2_e_emlrt_marshallIn 000000018000ec60     c2_basisSL.obj
 0002:00000c68       $unwind$init_simulink_io_address 000000018000ec68     c2_basisSL.obj
 0002:00000c70       $unwind$sf_c2_basisSL_get_post_codegen_info 000000018000ec70     c2_basisSL.obj
 0002:00000c78       $unwind$sf_c2_basisSL_get_autoinheritance_info 000000018000ec78     c2_basisSL.obj
 0002:00000c88       $unwind$sf_c2_basisSL_third_party_uses_info 000000018000ec88     c2_basisSL.obj
 0002:00000c90       $unwind$sf_c2_basisSL_jit_fallback_info 000000018000ec90     c2_basisSL.obj
 0002:00000ca0       $unwind$sf_c2_basisSL_updateBuildInfo_args_info 000000018000eca0     c2_basisSL.obj
 0002:00000ca8       $unwind$sf_get_sim_state_info_c2_basisSL 000000018000eca8     c2_basisSL.obj
 0002:00000cb0       $unwind$sf_opaque_initialize_c2_basisSL 000000018000ecb0     c2_basisSL.obj
 0002:00000cb8       $unwind$sf_opaque_enable_c2_basisSL 000000018000ecb8     c2_basisSL.obj
 0002:00000cc0       $unwind$sf_opaque_disable_c2_basisSL 000000018000ecc0     c2_basisSL.obj
 0002:00000cc8       $unwind$sf_opaque_gateway_c2_basisSL 000000018000ecc8     c2_basisSL.obj
 0002:00000cd0       $unwind$sf_opaque_get_sim_state_c2_basisSL 000000018000ecd0     c2_basisSL.obj
 0002:00000cd8       $unwind$sf_opaque_set_sim_state_c2_basisSL 000000018000ecd8     c2_basisSL.obj
 0002:00000ce0       $unwind$sf_opaque_terminate_c2_basisSL 000000018000ece0     c2_basisSL.obj
 0002:00000ce8       $unwind$mdlProcessParameters_c2_basisSL 000000018000ece8     c2_basisSL.obj
 0002:00000cf0       $unwind$mdlSetWorkWidths_c2_basisSL 000000018000ecf0     c2_basisSL.obj
 0002:00000cf8       $unwind$mdlRTW_c2_basisSL  000000018000ecf8     c2_basisSL.obj
 0002:00000d00       $unwind$mdlStart_c2_basisSL 000000018000ed00     c2_basisSL.obj
 0002:00000d08       $unwind$mexFunction        000000018000ed08     basisSL_sfun_registry.obj
 0002:00000d10       $unwind$_ssSetInputPortDirectFeedThroughFcn 000000018000ed10     basisSL_sfun_registry.obj
 0002:00000d18       $unwind$_ssGetInputPortSignalPtrsFcn 000000018000ed18     basisSL_sfun_registry.obj
 0002:00000d20       $unwind$_ssGetInputPortSignalFcn 000000018000ed20     basisSL_sfun_registry.obj
 0002:00000d28       $unwind$_ssSetInputPortReusableFcn 000000018000ed28     basisSL_sfun_registry.obj
 0002:00000d38       $unwind$_ssSetOutputPortReusableFcn 000000018000ed38     basisSL_sfun_registry.obj
 0002:00000d48       $unwind$_ssSetSymbolicDimsSupport 000000018000ed48     basisSL_sfun_registry.obj
 0002:00000d50       $unwind$_ssRegisterSymbolicDimsExpr 000000018000ed50     basisSL_sfun_registry.obj
 0002:00000d58       $unwind$_ssRegisterSymbolicDims 000000018000ed58     basisSL_sfun_registry.obj
 0002:00000d60       $unwind$_ssRegisterSymbolicDimsString 000000018000ed60     basisSL_sfun_registry.obj
 0002:00000d68       $unwind$_ssRegisterSymbolicDimsIntValue 000000018000ed68     basisSL_sfun_registry.obj
 0002:00000d70       $unwind$_ssRegisterSymbolicDimsPlus 000000018000ed70     basisSL_sfun_registry.obj
 0002:00000d78       $unwind$_ssRegisterSymbolicDimsMinus 000000018000ed78     basisSL_sfun_registry.obj
 0002:00000d80       $unwind$_ssRegisterSymbolicDimsMultiply 000000018000ed80     basisSL_sfun_registry.obj
 0002:00000d88       $unwind$_ssRegisterSymbolicDimsDivide 000000018000ed88     basisSL_sfun_registry.obj
 0002:00000d90       $unwind$_ssGetNumSymbolicDims 000000018000ed90     basisSL_sfun_registry.obj
 0002:00000d98       $unwind$_ssGetSymbolicDim  000000018000ed98     basisSL_sfun_registry.obj
 0002:00000da0       $unwind$_ssSetInputPortSymbolicDimsId 000000018000eda0     basisSL_sfun_registry.obj
 0002:00000da8       $unwind$_ssGetCompInputPortSymbolicDimsId 000000018000eda8     basisSL_sfun_registry.obj
 0002:00000db0       $unwind$_ssSetCompInputPortSymbolicDimsId 000000018000edb0     basisSL_sfun_registry.obj
 0002:00000db8       $unwind$_ssSetOutputPortSymbolicDimsId 000000018000edb8     basisSL_sfun_registry.obj
 0002:00000dc0       $unwind$_ssGetCompOutputPortSymbolicDimsId 000000018000edc0     basisSL_sfun_registry.obj
 0002:00000dc8       $unwind$_ssSetCompOutputPortSymbolicDimsId 000000018000edc8     basisSL_sfun_registry.obj
 0002:00000dd0       $unwind$_ssSetCompDWorkSymbolicDimsId 000000018000edd0     basisSL_sfun_registry.obj
 0002:00000dd8       $unwind$ssGetIsZeroCrossControlDisabled 000000018000edd8     basisSL_sfun_registry.obj
 0002:00000de0       $unwind$ssSetIsInputPortUsedForContZcSignal 000000018000ede0     basisSL_sfun_registry.obj
 0002:00000de8       $unwind$ssSetZcSignalIsZcElementDisc 000000018000ede8     basisSL_sfun_registry.obj
 0002:00000df8       $unwind$ssSetZcSignalName  000000018000edf8     basisSL_sfun_registry.obj
 0002:00000e00       $unwind$ssSetZcSignalWidth 000000018000ee00     basisSL_sfun_registry.obj
 0002:00000e08       $unwind$ssSetZcSignalZcEventType 000000018000ee08     basisSL_sfun_registry.obj
 0002:00000e10       $unwind$ssSetZcSignalType  000000018000ee10     basisSL_sfun_registry.obj
 0002:00000e18       $unwind$ssSetZcSignalZcTol 000000018000ee18     basisSL_sfun_registry.obj
 0002:00000e20       $unwind$ssSetZcSignalNeedsEventNotification 000000018000ee20     basisSL_sfun_registry.obj
 0002:00000e28       $unwind$ssCreateAndAddZcSignalInfo 000000018000ee28     basisSL_sfun_registry.obj
 0002:00000e30       $unwind$ssCloneAndAddZcSignalInfo 000000018000ee30     basisSL_sfun_registry.obj
 0002:00000e38       $unwind$ssGetNumZcSignals  000000018000ee38     basisSL_sfun_registry.obj
 0002:00000e40       $unwind$ssGetZcSignalVector 000000018000ee40     basisSL_sfun_registry.obj
 0002:00000e48       $unwind$ssGetZcSignalName  000000018000ee48     basisSL_sfun_registry.obj
 0002:00000e50       $unwind$ssGetZcSignalWidth 000000018000ee50     basisSL_sfun_registry.obj
 0002:00000e58       $unwind$ssGetZcSignalZcEventType 000000018000ee58     basisSL_sfun_registry.obj
 0002:00000e60       $unwind$ssGetZcSignalZcEvents 000000018000ee60     basisSL_sfun_registry.obj
 0002:00000e68       $unwind$ssGetZcSignalType  000000018000ee68     basisSL_sfun_registry.obj
 0002:00000e70       $unwind$ssGetZcSignalZcTol 000000018000ee70     basisSL_sfun_registry.obj
 0002:00000e78       $unwind$ssGetZcSignalNeedsEventNotification 000000018000ee78     basisSL_sfun_registry.obj
 0002:00000e80       $unwind$ssGetZcSignalIsZcElementDisc 000000018000ee80     basisSL_sfun_registry.obj
 0002:00000e90       $unwind$ssGetIsInputPortElementContinuous 000000018000ee90     basisSL_sfun_registry.obj
 0002:00000ea0       $unwind$ssGetDTypeIdFromMxArray 000000018000eea0     basisSL_sfun_registry.obj
 0002:00000ea8       $unwind$ssWriteRTWStr      000000018000eea8     basisSL_sfun_registry.obj
 0002:00000eb0       $unwind$ssWriteRTWNameValuePair 000000018000eeb0     basisSL_sfun_registry.obj
 0002:00000eb8       $unwind$ssWriteRTWParamSettings 000000018000eeb8     basisSL_sfun_registry.obj
 0002:00000ec0       $unwind$ssWriteRTWParameters 000000018000eec0     basisSL_sfun_registry.obj
 0002:00000ec8       $unwind$ssWriteRTWWorkVect 000000018000eec8     basisSL_sfun_registry.obj
 0002:00000edc       $unwind$ssWriteRTWMxVectParam 000000018000eedc     basisSL_sfun_registry.obj
 0002:00000ee4       $unwind$ssWriteRTWMx2dMatParam 000000018000eee4     basisSL_sfun_registry.obj
 0002:00000eec       $unwind$_ssSetInputPortMatrixDimensions 000000018000eeec     basisSL_sfun_registry.obj
 0002:00000ef8       $unwind$_ssSetOutputPortMatrixDimensions 000000018000eef8     basisSL_sfun_registry.obj
 0002:00000f04       $unwind$_ssSetInputPortVectorDimension 000000018000ef04     basisSL_sfun_registry.obj
 0002:00000f10       $unwind$_ssSetOutputPortVectorDimension 000000018000ef10     basisSL_sfun_registry.obj
 0002:00000f1c       $unwind$ssIsRunTimeParamTunable 000000018000ef1c     basisSL_sfun_registry.obj
 0002:00000f24       $unwind$ssGetSFuncBlockHandle 000000018000ef24     basisSL_sfun_registry.obj
 0002:00000f2c       $unwind$_ssGetCurrentInputPortWidth 000000018000ef2c     basisSL_sfun_registry.obj
 0002:00000f34       $unwind$_ssGetCurrentOutputPortWidth 000000018000ef34     basisSL_sfun_registry.obj
 0002:00000f3c       $unwind$_ssGetCallSystemNumFcnCallDestinations 000000018000ef3c     basisSL_sfun_registry.obj
 0002:00000f44       $unwind$ssWarning          000000018000ef44     basisSL_sfun_registry.obj
 0002:00000f58       $unwind$_ssGetAbsTol       000000018000ef58     basisSL_sfun_registry.obj
 0002:00000f60       $unwind$sf_process_check_sum_call 000000018000ef60     basisSL_sfun_registry.obj
 0002:00000f68       $unwind$sf_process_machine_uses_exported_functions_call 000000018000ef68     basisSL_sfun_registry.obj
 0002:00000f78       $unwind$sf_process_autoinheritance_call 000000018000ef78     basisSL_sfun_registry.obj
 0002:00000f88       $unwind$sf_process_get_third_party_uses_info_call 000000018000ef88     basisSL_sfun_registry.obj
 0002:00000f98       $unwind$sf_process_get_jit_fallback_info_call 000000018000ef98     basisSL_sfun_registry.obj
 0002:00000fa8       $unwind$sf_process_get_updateBuildInfo_args_info_call 000000018000efa8     basisSL_sfun_registry.obj
 0002:00000fb8       $unwind$sf_process_get_eml_resolved_functions_info_call 000000018000efb8     basisSL_sfun_registry.obj
 0002:00000fc8       $unwind$sf_process_get_post_codegen_info 000000018000efc8     basisSL_sfun_registry.obj
 0002:00000fd8       $unwind$sf_mex_unlock_call 000000018000efd8     basisSL_sfun_registry.obj
 0002:00000fe8       $unwind$sf_debug_api_wrapper 000000018000efe8     basisSL_sfun_registry.obj
 0002:00000ff0       $unwind$ProcessMexSfunctionCmdLineCall 000000018000eff0     basisSL_sfun_registry.obj
 0002:00000ff8       $unwind$sf_machine_global_initializer_called 000000018000eff8     basisSL_sfun_registry.obj
 0002:00001000       $unwind$sf_machine_global_method_dispatcher 000000018000f000     basisSL_sfun_registry.obj
 0002:00001008       $unwind$sf_machine_global_terminator 000000018000f008     basisSL_sfun_registry.obj
 0002:00001010       $unwind$sf_register_machine_exported_symbols 000000018000f010     basisSL_sfun_registry.obj
 0002:00001018       $unwind$sf_machine_global_initializer 000000018000f018     basisSL_sfun_registry.obj
 0002:00001020       $unwind$getChartInfoFromSimStruct 000000018000f020     basisSL_sfun_registry.obj
 0002:00001028       $unwind$mdlGetSimState     000000018000f028     basisSL_sfun_registry.obj
 0002:00001030       $unwind$mdlSetSimState     000000018000f030     basisSL_sfun_registry.obj
 0002:00001038       $unwind$mdlSetWorkWidths   000000018000f038     basisSL_sfun_registry.obj
 0002:00001040       $unwind$mdlProcessParameters 000000018000f040     basisSL_sfun_registry.obj
 0002:00001048       $unwind$mdl_start_processing 000000018000f048     basisSL_sfun_registry.obj
 0002:00001050       $unwind$mdl_terminate_processing 000000018000f050     basisSL_sfun_registry.obj
 0002:00001058       $unwind$mdlStart           000000018000f058     basisSL_sfun_registry.obj
 0002:00001060       $unwind$mdlTerminate       000000018000f060     basisSL_sfun_registry.obj
 0002:00001068       $unwind$mdlInitializeSizes 000000018000f068     basisSL_sfun_registry.obj
 0002:00001070       $unwind$mdlInitializeSampleTimes 000000018000f070     basisSL_sfun_registry.obj
 0002:00001078       $unwind$mdl_outputs_continuous_legacy 000000018000f078     basisSL_sfun_registry.obj
 0002:00001080       $unwind$mdl_outputs_processing 000000018000f080     basisSL_sfun_registry.obj
 0002:00001088       $unwind$mdl_zeroCrossings_processing 000000018000f088     basisSL_sfun_registry.obj
 0002:00001090       $unwind$mdlZeroCrossings   000000018000f090     basisSL_sfun_registry.obj
 0002:00001098       $unwind$mdl_derivatives_processing 000000018000f098     basisSL_sfun_registry.obj
 0002:000010a0       $unwind$mdlDerivatives     000000018000f0a0     basisSL_sfun_registry.obj
 0002:000010a8       $unwind$mdl_initialize_conditions_processing 000000018000f0a8     basisSL_sfun_registry.obj
 0002:000010b0       $unwind$mdlInitializeConditions 000000018000f0b0     basisSL_sfun_registry.obj
 0002:000010b8       $unwind$mdl_ext_mode_exec_processing 000000018000f0b8     basisSL_sfun_registry.obj
 0002:000010c0       $unwind$mdlExtModeExec     000000018000f0c0     basisSL_sfun_registry.obj
 0002:000010c8       $unwind$mdlRTW             000000018000f0c8     basisSL_sfun_registry.obj
 0002:000010d0       $unwind$mdl_enable_processing 000000018000f0d0     basisSL_sfun_registry.obj
 0002:000010d8       $unwind$mdlEnable          000000018000f0d8     basisSL_sfun_registry.obj
 0002:000010e0       $unwind$mdl_disable_processing 000000018000f0e0     basisSL_sfun_registry.obj
 0002:000010e8       $unwind$mdlDisable         000000018000f0e8     basisSL_sfun_registry.obj
 0002:000010f0       $unwind$mdlOutputs         000000018000f0f0     basisSL_sfun_registry.obj
 0002:000010f8       $unwind$mdl_update_processing 000000018000f0f8     basisSL_sfun_registry.obj
 0002:00001100       $unwind$mdlUpdate          000000018000f100     basisSL_sfun_registry.obj
 0002:00001108       $unwind$ProcessMexSfunctionEveryCall 000000018000f108     basisSL_sfun_registry.obj
 0002:00001110       $unwind$_RegNumInputPortsCB 000000018000f110     basisSL_sfun_registry.obj
 0002:00001118       $unwind$_RegNumOutputPortsCB 000000018000f118     basisSL_sfun_registry.obj
 0002:00001120       $unwind$_CreateSimStruct   000000018000f120     basisSL_sfun_registry.obj
 0002:00001128       $unwind$_ssFatalError      000000018000f128     basisSL_sfun_registry.obj
 0002:00001138       $unwind$_ProcessMexSfunctionCmdLineCall 000000018000f138     basisSL_sfun_registry.obj
 0002:00001148       $unwind$__report_securityfailure 000000018000f148     MSVCRT:gs_report.obj
 0002:00001150       $unwind$__report_securityfailureEx 000000018000f150     MSVCRT:gs_report.obj
 0002:00001158       $unwind$__report_rangecheckfailure 000000018000f158     MSVCRT:gs_report.obj
 0002:00001160       $unwind$__raise_securityfailure 000000018000f160     MSVCRT:gs_report.obj
 0002:00001168       $unwind$__report_gsfailure 000000018000f168     MSVCRT:gs_report.obj
[...]
 0003:00001618       $SG17239                   0000000180012618     basisSL_sfun_registry.obj
 0003:00001640       _sfcnName                  0000000180012640     basisSL_sfun_registry.obj
 0003:00001660       $SG17256                   0000000180012660     basisSL_sfun_registry.obj
 0003:000016d8       $SG18351                   00000001800126d8     basisSL_sfun_registry.obj
 0003:00001718       $SG18359                   0000000180012718     basisSL_sfun_registry.obj
 0003:00001750       $SG18373                   0000000180012750     basisSL_sfun_registry.obj
 0003:00001790       sRtwOptimizationInfoStruct 0000000180012790     basisSL_sfun.obj
 0003:00001798       $SG19630                   0000000180012798     c2_basisSL.obj
 0003:00001799       $SG19632                   0000000180012799     c2_basisSL.obj
 0003:0000179a       $SG19647                   000000018001279a     c2_basisSL.obj
 0003:000017a0       _sfTime_                   00000001800127a0     c2_basisSL.obj
 0003:000017b8       $SG18714                   00000001800127b8     basisSL_sfun_registry.obj
 0003:000017bc       sfGlobalMdlStartCallCounts 00000001800127bc     basisSL_sfun_registry.obj
 0003:000017c0       ?errmsg@?O@??ssWriteRTWWorkVect@@9@9 00000001800127c0     basisSL_sfun_registry.obj
 0003:00001890       GS_ExceptionRecord         0000000180012890     MSVCRT:gs_report.obj
 0003:00001930       GS_ContextRecord           0000000180012930     MSVCRT:gs_report.obj
 0003:00001e00       DebuggerWasPresent         0000000180012e00     MSVCRT:gs_report.obj
 0003:00001e04       __proc_attached            0000000180012e04     MSVCRT:crtdll.obj
 0004:00000000       $pdata$load_basisSL_optimization_info 0000000180013000     basisSL_sfun.obj
 0004:0000000c       $pdata$unload_basisSL_optimization_info 000000018001300c     basisSL_sfun.obj
 0004:00000018       $pdata$sf_basisSL_method_dispatcher 0000000180013018     basisSL_sfun.obj
 0004:00000024       $pdata$sf_basisSL_uses_exported_functions 0000000180013024     basisSL_sfun.obj
 0004:00000030       $pdata$sf_basisSL_process_check_sum_call 0000000180013030     basisSL_sfun.obj
 0004:0000003c       $pdata$sf_basisSL_autoinheritance_info 000000018001303c     basisSL_sfun.obj
 0004:00000048       $pdata$sf_basisSL_get_eml_resolved_functions_info 0000000180013048     basisSL_sfun.obj
 0004:00000054       $pdata$sf_basisSL_third_party_uses_info 0000000180013054     basisSL_sfun.obj
 0004:00000060       $pdata$sf_basisSL_jit_fallback_info 0000000180013060     basisSL_sfun.obj
 0004:0000006c       $pdata$sf_basisSL_updateBuildInfo_args_info 000000018001306c     basisSL_sfun.obj
 0004:00000078       $pdata$sf_basisSL_get_post_codegen_info 0000000180013078     basisSL_sfun.obj
 0004:00000084       $pdata$basisSL_debug_initialize 0000000180013084     basisSL_sfun.obj
 0004:00000090       $pdata$sf_c2_basisSL_get_eml_resolved_functions_info 0000000180013090     c2_basisSL.obj
 0004:0000009c       $pdata$sf_c2_basisSL_get_check_sum 000000018001309c     c2_basisSL.obj
 0004:000000a8       $pdata$c2_basisSL_method_dispatcher 00000001800130a8     c2_basisSL.obj
 0004:000000b4       $pdata$chart_debug_initialization 00000001800130b4     c2_basisSL.obj
 0004:000000c0       $pdata$chart_debug_initialize_data_addresses 00000001800130c0     c2_basisSL.obj
 0004:000000cc       $pdata$initialize_c2_basisSL 00000001800130cc     c2_basisSL.obj
 0004:000000d8       $pdata$enable_c2_basisSL   00000001800130d8     c2_basisSL.obj
 0004:000000e4       $pdata$disable_c2_basisSL  00000001800130e4     c2_basisSL.obj
 0004:000000f0       $pdata$get_sim_state_c2_basisSL 00000001800130f0     c2_basisSL.obj
 0004:000000fc       $pdata$set_sim_state_c2_basisSL 00000001800130fc     c2_basisSL.obj
 0004:00000108       $pdata$sf_gateway_c2_basisSL 0000000180013108     c2_basisSL.obj
 0004:00000114       $pdata$c2_sf_marshallOut   0000000180013114     c2_basisSL.obj
 0004:00000120       $pdata$c2_emlrt_marshallIn 0000000180013120     c2_basisSL.obj
 0004:0000012c       $pdata$c2_b_emlrt_marshallIn 000000018001312c     c2_basisSL.obj
 0004:00000138       $pdata$c2_sf_marshallIn    0000000180013138     c2_basisSL.obj
 0004:00000144       $pdata$c2_d_emlrt_marshallIn 0000000180013144     c2_basisSL.obj
 0004:00000150       $pdata$c2_e_emlrt_marshallIn 0000000180013150     c2_basisSL.obj
 0004:0000015c       $pdata$init_simulink_io_address 000000018001315c     c2_basisSL.obj
 0004:00000168       $pdata$sf_c2_basisSL_get_post_codegen_info 0000000180013168     c2_basisSL.obj
 0004:00000174       $pdata$sf_c2_basisSL_get_autoinheritance_info 0000000180013174     c2_basisSL.obj
 0004:00000180       $pdata$sf_c2_basisSL_third_party_uses_info 0000000180013180     c2_basisSL.obj
 0004:0000018c       $pdata$sf_c2_basisSL_jit_fallback_info 000000018001318c     c2_basisSL.obj
 0004:00000198       $pdata$sf_c2_basisSL_updateBuildInfo_args_info 0000000180013198     c2_basisSL.obj
 0004:000001a4       $pdata$sf_get_sim_state_info_c2_basisSL 00000001800131a4     c2_basisSL.obj
 0004:000001b0       $pdata$sf_opaque_initialize_c2_basisSL 00000001800131b0     c2_basisSL.obj
 0004:000001bc       $pdata$sf_opaque_enable_c2_basisSL 00000001800131bc     c2_basisSL.obj
 0004:000001c8       $pdata$sf_opaque_disable_c2_basisSL 00000001800131c8     c2_basisSL.obj
 0004:000001d4       $pdata$sf_opaque_gateway_c2_basisSL 00000001800131d4     c2_basisSL.obj
 0004:000001e0       $pdata$sf_opaque_get_sim_state_c2_basisSL 00000001800131e0     c2_basisSL.obj
 0004:000001ec       $pdata$sf_opaque_set_sim_state_c2_basisSL 00000001800131ec     c2_basisSL.obj
 0004:000001f8       $pdata$sf_opaque_terminate_c2_basisSL 00000001800131f8     c2_basisSL.obj
 0004:00000204       $pdata$mdlProcessParameters_c2_basisSL 0000000180013204     c2_basisSL.obj
 0004:00000210       $pdata$mdlSetWorkWidths_c2_basisSL 0000000180013210     c2_basisSL.obj
 0004:0000021c       $pdata$mdlRTW_c2_basisSL   000000018001321c     c2_basisSL.obj
 0004:00000228       $pdata$mdlStart_c2_basisSL 0000000180013228     c2_basisSL.obj
 0004:00000234       $pdata$mexFunction         0000000180013234     basisSL_sfun_registry.obj
 0004:00000240       $pdata$_ssSetInputPortDirectFeedThroughFcn 0000000180013240     basisSL_sfun_registry.obj
 0004:0000024c       $pdata$_ssGetInputPortSignalPtrsFcn 000000018001324c     basisSL_sfun_registry.obj
 0004:00000258       $pdata$_ssGetInputPortSignalFcn 0000000180013258     basisSL_sfun_registry.obj
 0004:00000264       $pdata$_ssSetInputPortReusableFcn 0000000180013264     basisSL_sfun_registry.obj
 0004:00000270       $pdata$_ssSetOutputPortReusableFcn 0000000180013270     basisSL_sfun_registry.obj
 0004:0000027c       $pdata$_ssSetSymbolicDimsSupport 000000018001327c     basisSL_sfun_registry.obj
 0004:00000288       $pdata$_ssRegisterSymbolicDimsExpr 0000000180013288     basisSL_sfun_registry.obj
 0004:00000294       $pdata$_ssRegisterSymbolicDims 0000000180013294     basisSL_sfun_registry.obj
 0004:000002a0       $pdata$_ssRegisterSymbolicDimsString 00000001800132a0     basisSL_sfun_registry.obj
 0004:000002ac       $pdata$_ssRegisterSymbolicDimsIntValue 00000001800132ac     basisSL_sfun_registry.obj
 0004:000002b8       $pdata$_ssRegisterSymbolicDimsPlus 00000001800132b8     basisSL_sfun_registry.obj
 0004:000002c4       $pdata$_ssRegisterSymbolicDimsMinus 00000001800132c4     basisSL_sfun_registry.obj
 0004:000002d0       $pdata$_ssRegisterSymbolicDimsMultiply 00000001800132d0     basisSL_sfun_registry.obj
 0004:000002dc       $pdata$_ssRegisterSymbolicDimsDivide 00000001800132dc     basisSL_sfun_registry.obj
 0004:000002e8       $pdata$_ssGetNumSymbolicDims 00000001800132e8     basisSL_sfun_registry.obj
 0004:000002f4       $pdata$_ssGetSymbolicDim   00000001800132f4     basisSL_sfun_registry.obj
 0004:00000300       $pdata$_ssSetInputPortSymbolicDimsId 0000000180013300     basisSL_sfun_registry.obj
 0004:0000030c       $pdata$_ssGetCompInputPortSymbolicDimsId 000000018001330c     basisSL_sfun_registry.obj
 0004:00000318       $pdata$_ssSetCompInputPortSymbolicDimsId 0000000180013318     basisSL_sfun_registry.obj
 0004:00000324       $pdata$_ssSetOutputPortSymbolicDimsId 0000000180013324     basisSL_sfun_registry.obj
 0004:00000330       $pdata$_ssGetCompOutputPortSymbolicDimsId 0000000180013330     basisSL_sfun_registry.obj
 0004:0000033c       $pdata$_ssSetCompOutputPortSymbolicDimsId 000000018001333c     basisSL_sfun_registry.obj
 0004:00000348       $pdata$_ssSetCompDWorkSymbolicDimsId 0000000180013348     basisSL_sfun_registry.obj
 0004:00000354       $pdata$ssGetIsZeroCrossControlDisabled 0000000180013354     basisSL_sfun_registry.obj
 0004:00000360       $pdata$ssSetIsInputPortUsedForContZcSignal 0000000180013360     basisSL_sfun_registry.obj
 0004:0000036c       $pdata$ssSetZcSignalIsZcElementDisc 000000018001336c     basisSL_sfun_registry.obj
 0004:00000378       $pdata$ssSetZcSignalName   0000000180013378     basisSL_sfun_registry.obj
 0004:00000384       $pdata$ssSetZcSignalWidth  0000000180013384     basisSL_sfun_registry.obj
 0004:00000390       $pdata$ssSetZcSignalZcEventType 0000000180013390     basisSL_sfun_registry.obj
 0004:0000039c       $pdata$ssSetZcSignalType   000000018001339c     basisSL_sfun_registry.obj
 0004:000003a8       $pdata$ssSetZcSignalZcTol  00000001800133a8     basisSL_sfun_registry.obj
 0004:000003b4       $pdata$ssSetZcSignalNeedsEventNotification 00000001800133b4     basisSL_sfun_registry.obj
 0004:000003c0       $pdata$ssCreateAndAddZcSignalInfo 00000001800133c0     basisSL_sfun_registry.obj
 0004:000003cc       $pdata$ssCloneAndAddZcSignalInfo 00000001800133cc     basisSL_sfun_registry.obj
 0004:000003d8       $pdata$ssGetNumZcSignals   00000001800133d8     basisSL_sfun_registry.obj
 0004:000003e4       $pdata$ssGetZcSignalVector 00000001800133e4     basisSL_sfun_registry.obj
 0004:000003f0       $pdata$ssGetZcSignalName   00000001800133f0     basisSL_sfun_registry.obj
 0004:000003fc       $pdata$ssGetZcSignalWidth  00000001800133fc     basisSL_sfun_registry.obj
 0004:00000408       $pdata$ssGetZcSignalZcEventType 0000000180013408     basisSL_sfun_registry.obj
 0004:00000414       $pdata$ssGetZcSignalZcEvents 0000000180013414     basisSL_sfun_registry.obj
 0004:00000420       $pdata$ssGetZcSignalType   0000000180013420     basisSL_sfun_registry.obj
 0004:0000042c       $pdata$ssGetZcSignalZcTol  000000018001342c     basisSL_sfun_registry.obj
 0004:00000438       $pdata$ssGetZcSignalNeedsEventNotification 0000000180013438     basisSL_sfun_registry.obj
 0004:00000444       $pdata$ssGetZcSignalIsZcElementDisc 0000000180013444     basisSL_sfun_registry.obj
 0004:00000450       $pdata$ssGetIsInputPortElementContinuous 0000000180013450     basisSL_sfun_registry.obj
 0004:0000045c       $pdata$ssGetDTypeIdFromMxArray 000000018001345c     basisSL_sfun_registry.obj
 0004:00000468       $pdata$ssWriteRTWStr       0000000180013468     basisSL_sfun_registry.obj
 0004:00000474       $pdata$ssWriteRTWNameValuePair 0000000180013474     basisSL_sfun_registry.obj
 0004:00000480       $pdata$ssWriteRTWParamSettings 0000000180013480     basisSL_sfun_registry.obj
 0004:0000048c       $pdata$ssWriteRTWParameters 000000018001348c     basisSL_sfun_registry.obj
 0004:00000498       $pdata$ssWriteRTWWorkVect  0000000180013498     basisSL_sfun_registry.obj
 0004:000004a4       $pdata$ssWriteRTWMxVectParam 00000001800134a4     basisSL_sfun_registry.obj
 0004:000004b0       $pdata$ssWriteRTWMx2dMatParam 00000001800134b0     basisSL_sfun_registry.obj
 0004:000004bc       $pdata$_ssSetInputPortMatrixDimensions 00000001800134bc     basisSL_sfun_registry.obj
 0004:000004c8       $pdata$_ssSetOutputPortMatrixDimensions 00000001800134c8     basisSL_sfun_registry.obj
 0004:000004d4       $pdata$_ssSetInputPortVectorDimension 00000001800134d4     basisSL_sfun_registry.obj
 0004:000004e0       $pdata$_ssSetOutputPortVectorDimension 00000001800134e0     basisSL_sfun_registry.obj
 0004:000004ec       $pdata$ssIsRunTimeParamTunable 00000001800134ec     basisSL_sfun_registry.obj
 0004:000004f8       $pdata$ssGetSFuncBlockHandle 00000001800134f8     basisSL_sfun_registry.obj
 0004:00000504       $pdata$_ssGetCurrentInputPortWidth 0000000180013504     basisSL_sfun_registry.obj
 0004:00000510       $pdata$_ssGetCurrentOutputPortWidth 0000000180013510     basisSL_sfun_registry.obj
 0004:0000051c       $pdata$_ssGetCallSystemNumFcnCallDestinations 000000018001351c     basisSL_sfun_registry.obj
 0004:00000528       $pdata$ssWarning           0000000180013528     basisSL_sfun_registry.obj
 0004:00000534       $pdata$_ssGetAbsTol        0000000180013534     basisSL_sfun_registry.obj
 0004:00000540       $pdata$sf_process_check_sum_call 0000000180013540     basisSL_sfun_registry.obj
 0004:0000054c       $pdata$sf_process_machine_uses_exported_functions_call 000000018001354c     basisSL_sfun_registry.obj
 0004:00000558       $pdata$sf_process_autoinheritance_call 0000000180013558     basisSL_sfun_registry.obj
 0004:00000564       $pdata$sf_process_get_third_party_uses_info_call 0000000180013564     basisSL_sfun_registry.obj
 0004:00000570       $pdata$sf_process_get_jit_fallback_info_call 0000000180013570     basisSL_sfun_registry.obj
 0004:0000057c       $pdata$sf_process_get_updateBuildInfo_args_info_call 000000018001357c     basisSL_sfun_registry.obj
 0004:00000588       $pdata$sf_process_get_eml_resolved_functions_info_call 0000000180013588     basisSL_sfun_registry.obj
 0004:00000594       $pdata$sf_process_get_post_codegen_info 0000000180013594     basisSL_sfun_registry.obj
 0004:000005a0       $pdata$sf_mex_unlock_call  00000001800135a0     basisSL_sfun_registry.obj
 0004:000005ac       $pdata$sf_debug_api_wrapper 00000001800135ac     basisSL_sfun_registry.obj
 0004:000005b8       $pdata$ProcessMexSfunctionCmdLineCall 00000001800135b8     basisSL_sfun_registry.obj
 0004:000005c4       $pdata$sf_machine_global_initializer_called 00000001800135c4     basisSL_sfun_registry.obj
 0004:000005d0       $pdata$sf_machine_global_method_dispatcher 00000001800135d0     basisSL_sfun_registry.obj
 0004:000005dc       $pdata$sf_machine_global_terminator 00000001800135dc     basisSL_sfun_registry.obj
 0004:000005e8       $pdata$sf_register_machine_exported_symbols 00000001800135e8     basisSL_sfun_registry.obj
 0004:000005f4       $pdata$sf_machine_global_initializer 00000001800135f4     basisSL_sfun_registry.obj
 0004:00000600       $pdata$getChartInfoFromSimStruct 0000000180013600     basisSL_sfun_registry.obj
 0004:0000060c       $pdata$mdlGetSimState      000000018001360c     basisSL_sfun_registry.obj
 0004:00000618       $pdata$mdlSetSimState      0000000180013618     basisSL_sfun_registry.obj
 0004:00000624       $pdata$mdlSetWorkWidths    0000000180013624     basisSL_sfun_registry.obj
 0004:00000630       $pdata$mdlProcessParameters 0000000180013630     basisSL_sfun_registry.obj
 0004:0000063c       $pdata$mdl_start_processing 000000018001363c     basisSL_sfun_registry.obj
 0004:00000648       $pdata$mdl_terminate_processing 0000000180013648     basisSL_sfun_registry.obj
 0004:00000654       $pdata$mdlStart            0000000180013654     basisSL_sfun_registry.obj
 0004:00000660       $pdata$mdlTerminate        0000000180013660     basisSL_sfun_registry.obj
 0004:0000066c       $pdata$mdlInitializeSizes  000000018001366c     basisSL_sfun_registry.obj
 0004:00000678       $pdata$mdlInitializeSampleTimes 0000000180013678     basisSL_sfun_registry.obj
 0004:00000684       $pdata$mdl_outputs_continuous_legacy 0000000180013684     basisSL_sfun_registry.obj
 0004:00000690       $pdata$mdl_outputs_processing 0000000180013690     basisSL_sfun_registry.obj
 0004:0000069c       $pdata$mdl_zeroCrossings_processing 000000018001369c     basisSL_sfun_registry.obj
 0004:000006a8       $pdata$mdlZeroCrossings    00000001800136a8     basisSL_sfun_registry.obj
 0004:000006b4       $pdata$mdl_derivatives_processing 00000001800136b4     basisSL_sfun_registry.obj
 0004:000006c0       $pdata$mdlDerivatives      00000001800136c0     basisSL_sfun_registry.obj
 0004:000006cc       $pdata$mdl_initialize_conditions_processing 00000001800136cc     basisSL_sfun_registry.obj
 0004:000006d8       $pdata$mdlInitializeConditions 00000001800136d8     basisSL_sfun_registry.obj
 0004:000006e4       $pdata$mdl_ext_mode_exec_processing 00000001800136e4     basisSL_sfun_registry.obj
 0004:000006f0       $pdata$mdlExtModeExec      00000001800136f0     basisSL_sfun_registry.obj
 0004:000006fc       $pdata$mdlRTW              00000001800136fc     basisSL_sfun_registry.obj
 0004:00000708       $pdata$mdl_enable_processing 0000000180013708     basisSL_sfun_registry.obj
 0004:00000714       $pdata$mdlEnable           0000000180013714     basisSL_sfun_registry.obj
 0004:00000720       $pdata$mdl_disable_processing 0000000180013720     basisSL_sfun_registry.obj
 0004:0000072c       $pdata$mdlDisable          000000018001372c     basisSL_sfun_registry.obj
 0004:00000738       $pdata$mdlOutputs          0000000180013738     basisSL_sfun_registry.obj
 0004:00000744       $pdata$mdl_update_processing 0000000180013744     basisSL_sfun_registry.obj
 0004:00000750       $pdata$mdlUpdate           0000000180013750     basisSL_sfun_registry.obj
 0004:0000075c       $pdata$ProcessMexSfunctionEveryCall 000000018001375c     basisSL_sfun_registry.obj
 0004:00000768       $pdata$_RegNumInputPortsCB 0000000180013768     basisSL_sfun_registry.obj
 0004:00000774       $pdata$_RegNumOutputPortsCB 0000000180013774     basisSL_sfun_registry.obj
 0004:00000780       $pdata$_CreateSimStruct    0000000180013780     basisSL_sfun_registry.obj
 0004:0000078c       $pdata$_ssFatalError       000000018001378c     basisSL_sfun_registry.obj
 0004:00000798       $pdata$_ProcessMexSfunctionCmdLineCall 0000000180013798     basisSL_sfun_registry.obj
 0004:000007a4       $pdata$__raise_securityfailure 00000001800137a4     MSVCRT:gs_report.obj
 0004:000007b0       $pdata$__report_gsfailure  00000001800137b0     MSVCRT:gs_report.obj
 0004:000007bc       $pdata$__report_rangecheckfailure 00000001800137bc     MSVCRT:gs_report.obj
 0004:000007c8       $pdata$__report_securityfailure 00000001800137c8     MSVCRT:gs_report.obj
 0004:000007d4       $pdata$__report_securityfailureEx 00000001800137d4     MSVCRT:gs_report.obj
 0004:000007e0       $pdata$__GSHandlerCheck    00000001800137e0     MSVCRT:gshandler.obj
 0004:000007ec       $pdata$__GSHandlerCheckCommon 00000001800137ec     MSVCRT:gshandler.obj
 0004:00000804       $pdata$pre_c_init          0000000180013804     MSVCRT:crtdll.obj
 0004:00000810       $pdata$_CRT_INIT           0000000180013810     MSVCRT:crtdll.obj
 0004:0000081c       $pdata$_DllMainCRTStartup  000000018001381c     MSVCRT:crtdll.obj
 0004:00000828       $pdata$__DllMainCRTStartup 0000000180013828     MSVCRT:crtdll.obj
 0004:00000834       $pdata$_IsNonwritableInCurrentImage 0000000180013834     MSVCRT:pesect.obj
 0004:00000840       $pdata$__atonexitinit      0000000180013840     MSVCRT:atonexit.obj
 0004:0000084c       $pdata$_onexit             000000018001384c     MSVCRT:atonexit.obj
 0004:00000858       $pdata$atexit              0000000180013858     MSVCRT:atonexit.obj
 0004:00000864       $pdata$__security_init_cookie 0000000180013864     MSVCRT:gs_support.obj
 0004:00000870       $pdata$DllMain             0000000180013870     MSVCRT:dllmain.obj
 0004:0000087c       $pdata$_RTC_Initialize     000000018001387c     MSVCRT:initsect.obj
 0004:00000888       $pdata$_RTC_Terminate      0000000180013888     MSVCRT:initsect.obj
 0004:00000894       $pdata$__DllMainCRTStartup$filt$0 0000000180013894     MSVCRT:crtdll.obj
 0004:000008a0       $pdata$__DllMainCRTStartup$fin$1 00000001800138a0     MSVCRT:crtdll.obj
 0004:000008ac       $pdata$_IsNonwritableInCurrentImage$filt$0 00000001800138ac     MSVCRT:pesect.obj
 0004:000008b8       $pdata$_onexit$fin$0       00000001800138b8     MSVCRT:atonexit.obj
